sampling every 10s for 510s into evidence/dual-prediction-pinned/scale-b2-m18000/samples.csv
  t+   0s  agg queue     0 tasks 6  det queue     0 tasks 1  rows 0
  t+  10s  agg queue     0 tasks 6  det queue     0 tasks 1  rows 0
  t+  20s  agg queue     0 tasks 6  det queue     0 tasks 1  rows 0
  t+  30s  agg queue     0 tasks 6  det queue     0 tasks 1  rows 0
  t+  40s  agg queue     0 tasks 6  det queue     0 tasks 1  rows 0
  t+  50s  agg queue     0 tasks 6  det queue     0 tasks 1  rows 0
  t+  60s  agg queue     0 tasks 6  det queue     0 tasks 1  rows 0
  t+  70s  agg queue     0 tasks 6  det queue     0 tasks 1  rows 0
  t+  81s  agg queue     0 tasks 6  det queue     0 tasks 1  rows 0
  t+  91s  agg queue     0 tasks 6  det queue     0 tasks 1  rows 0
  t+ 101s  agg queue     0 tasks 6  det queue   722 tasks 1  rows 0
  t+ 111s  agg queue     0 tasks 6  det queue     0 tasks 1  rows 0
  t+ 121s  agg queue     0 tasks 6  det queue  1777 tasks 1  rows 0
  t+ 131s  agg queue     0 tasks 6  det queue     0 tasks 1  rows 0
  t+ 142s  agg queue     0 tasks 6  det queue   722 tasks 1  rows 0
  t+ 152s  agg queue     0 tasks 6  det queue  2525 tasks 1  rows 0
  t+ 162s  agg queue     0 tasks 6  det queue  1777 tasks 1  rows 0
  t+ 172s  agg queue     0 tasks 6  det queue  2321 tasks 1  rows 0
  t+ 182s  agg queue     0 tasks 6  det queue  4612 tasks 1  rows 0
  t+ 192s  agg queue     0 tasks 6  det queue  4947 tasks 1  rows 0
  t+ 202s  agg queue     0 tasks 6  det queue  6588 tasks 1  rows 0
  t+ 212s  agg queue     0 tasks 6  det queue  4211 tasks 1  rows 0
  t+ 222s  agg queue     0 tasks 6  det queue  6588 tasks 1  rows 0
  t+ 232s  agg queue     0 tasks 6  det queue 11795 tasks 1  rows 0
  t+ 242s  agg queue     0 tasks 6  det queue  8940 tasks 1  rows 0
  t+ 252s  agg queue     0 tasks 6  det queue 18315 tasks 1  rows 0
  t+ 262s  agg queue     0 tasks 6  det queue 12245 tasks 1  rows 0
  t+ 272s  agg queue     0 tasks 6  det queue 16937 tasks 1  rows 0
  t+ 282s  agg queue     0 tasks 6  det queue 15334 tasks 1  rows 0
  t+ 292s  agg queue     0 tasks 6  det queue 20115 tasks 1  rows 0
  t+ 302s  agg queue     0 tasks 6  det queue 21028 tasks 1  rows 0
  t+ 312s  agg queue     0 tasks 6  det queue 20091 tasks 1  rows 0
  t+ 322s  agg queue     0 tasks 6  det queue 19837 tasks 1  rows 0
  t+ 332s  agg queue     0 tasks 6  det queue 20277 tasks 1  rows 0
  t+ 342s  agg queue     0 tasks 6  det queue 19455 tasks 1  rows 0
  t+ 352s  agg queue     0 tasks 6  det queue 18317 tasks 1  rows 0
  t+ 362s  agg queue     0 tasks 6  det queue 17837 tasks 1  rows 0
  t+ 372s  agg queue     0 tasks 6  det queue 15467 tasks 1  rows 0
  t+ 382s  agg queue     0 tasks 6  det queue 13398 tasks 1  rows 0
  t+ 392s  agg queue     0 tasks 6  det queue 14727 tasks 1  rows 0
  t+ 402s  agg queue     0 tasks 6  det queue 13398 tasks 1  rows 0
  t+ 412s  agg queue     0 tasks 6  det queue 12278 tasks 1  rows 0
  t+ 422s  agg queue     0 tasks 6  det queue 11178 tasks 1  rows 0
  t+ 432s  agg queue     0 tasks 6  det queue  7448 tasks 1  rows 0
  t+ 442s  agg queue     0 tasks 6  det queue  6388 tasks 1  rows 0
  t+ 452s  agg queue     0 tasks 6  det queue  5258 tasks 1  rows 0
  t+ 462s  agg queue     0 tasks 6  det queue  8758 tasks 1  rows 0
  t+ 472s  agg queue     0 tasks 6  det queue  4028 tasks 1  rows 0
  t+ 482s  agg queue     0 tasks 6  det queue  3748 tasks 1  rows 0
  t+ 492s  agg queue     0 tasks 6  det queue  1768 tasks 1  rows 0
  t+ 502s  agg queue     0 tasks 6  det queue  5258 tasks 1  rows 0
sampling finished, evidence/dual-prediction-pinned/scale-b2-m18000/samples.csv
