sampling every 10s for 870s into evidence/dual-prediction-b0.5-hb600/scale/samples.csv
  t+   0s  agg queue     0 tasks 1  det queue     0 tasks 1  rows 10608
  t+  11s  agg queue     0 tasks 1  det queue     0 tasks 1  rows 10608
  t+  22s  agg queue     0 tasks 1  det queue     0 tasks 1  rows 10608
  t+  33s  agg queue     0 tasks 1  det queue     0 tasks 1  rows 10608
  t+  43s  agg queue     0 tasks 1  det queue     0 tasks 1  rows 10608
  t+  55s  agg queue     0 tasks 1  det queue     0 tasks 1  rows 10608
  t+  65s  agg queue     0 tasks 1  det queue     0 tasks 1  rows 10608
  t+  76s  agg queue     0 tasks 1  det queue     0 tasks 1  rows 10608
  t+  87s  agg queue     0 tasks 1  det queue  1365 tasks 1  rows 11592
  t+  98s  agg queue     0 tasks 1  det queue  5380 tasks 1  rows 13404
  t+ 109s  agg queue     0 tasks 1  det queue  5380 tasks 1  rows 15300
  t+ 121s  agg queue  2357 tasks 1  det queue  1365 tasks 1  rows 17209
  t+ 132s  agg queue  9210 tasks 1  det queue 11662 tasks 1  rows 19138
  t+ 143s  agg queue  9210 tasks 1  det queue 11662 tasks 1  rows 21088
  t+ 154s  agg queue 10133 tasks 1  det queue 13925 tasks 1  rows 23176
  t+ 165s  agg queue 10424 tasks 1  det queue 10104 tasks 1  rows 25162
  t+ 177s  agg queue  8867 tasks 1  det queue 13925 tasks 1  rows 27193
  t+ 188s  agg queue 10163 tasks 1  det queue 17005 tasks 1  rows 29229
  t+ 200s  agg queue 11273 tasks 1  det queue 17835 tasks 1  rows 31238
  t+ 212s  agg queue 10163 tasks 1  det queue 17835 tasks 1  rows 33347
  t+ 224s  agg queue 10199 tasks 1  det queue 16937 tasks 1  rows 35453
  t+ 236s  agg queue 10313 tasks 1  det queue 18121 tasks 1  rows 37584
  t+ 248s  agg queue 10651 tasks 1  det queue 23341 tasks 1  rows 39721
  t+ 260s  agg queue 10199 tasks 1  det queue 24356 tasks 1  rows 41872
  t+ 273s  agg queue 16318 tasks 1  det queue 27180 tasks 1  rows 44532
  t+ 288s  agg queue 15968 tasks 1  det queue 22176 tasks 1  rows 46841
  t+ 301s  agg queue 11724 tasks 1  det queue 29755 tasks 1  rows 49092
  t+ 314s  agg queue 15368 tasks 1  det queue 33493 tasks 1  rows 51608
  t+ 328s  agg queue 21352 tasks 1  det queue 31312 tasks 1  rows 53856
  t+ 341s  agg queue 19976 tasks 1  det queue 36820 tasks 1  rows 56284
  t+ 354s  agg queue 19996 tasks 1  det queue 36560 tasks 1  rows 58671
  t+ 368s  agg queue 20254 tasks 1  det queue 33493 tasks 1  rows 61104
  t+ 381s  agg queue 20254 tasks 1  det queue 38572 tasks 2  rows 63460
  t+ 395s  agg queue 20780 tasks 6  det queue 36820 tasks 6  rows 69331
  t+ 409s  agg queue 20604 tasks 6  det queue 37970 tasks 6  rows 80377
  t+ 423s  agg queue  5287 tasks 6  det queue 28669 tasks 6  rows 91838
  t+ 438s  agg queue     0 tasks 6  det queue 25700 tasks 6  rows 94930
  t+ 453s  agg queue     0 tasks 6  det queue 36930 tasks 6  rows 100589
  t+ 469s  agg queue     0 tasks 6  det queue 16530 tasks 6  rows 104230
  t+ 484s  agg queue     0 tasks 6  det queue 16530 tasks 6  rows 108879
  t+ 500s  agg queue  1137 tasks 6  det queue 20582 tasks 6  rows 113340
  t+ 517s  agg queue     0 tasks 6  det queue 12396 tasks 6  rows 116330
  t+ 533s  agg queue     0 tasks 6  det queue     0 tasks 6  rows 119831
  t+ 549s  agg queue     0 tasks 6  det queue  5007 tasks 6  rows 122479
  t+ 567s  agg queue     0 tasks 6  det queue     0 tasks 6  rows 124719
  t+ 583s  agg queue   376 tasks 6  det queue     0 tasks 6  rows 127035
  t+ 600s  agg queue   431 tasks 6  det queue     0 tasks 6  rows 130746
  t+ 617s  agg queue     0 tasks 6  det queue     0 tasks 6  rows 134959
  t+ 635s  agg queue     0 tasks 6  det queue   186 tasks 6  rows 139446
  t+ 652s  agg queue   587 tasks 6  det queue     0 tasks 6  rows 145663
  t+ 670s  agg queue   993 tasks 6  det queue   607 tasks 6  rows 150450
  t+ 689s  agg queue   587 tasks 6  det queue     0 tasks 6  rows 150706
  t+ 708s  agg queue     0 tasks 6  det queue     0 tasks 6  rows 150706
  t+ 726s  agg queue     0 tasks 6  det queue     0 tasks 6  rows 150706
  t+ 744s  agg queue     0 tasks 6  det queue     0 tasks 6  rows 150706
  t+ 762s  agg queue     0 tasks 6  det queue     0 tasks 6  rows 150706
  t+ 780s  agg queue     0 tasks 6  det queue     0 tasks 6  rows 150706
  t+ 798s  agg queue     0 tasks 6  det queue     0 tasks 6  rows 150706
  t+ 817s  agg queue     0 tasks 6  det queue     0 tasks 6  rows 150706
  t+ 835s  agg queue     0 tasks 6  det queue     0 tasks 6  rows 150706
  t+ 853s  agg queue     0 tasks 6  det queue     0 tasks 6  rows 150706
sampling finished, evidence/dual-prediction-b0.5-hb600/scale/samples.csv
