sampling every 10s for 510s into evidence/dual-prediction-pinned/scale-b0.5-m4000/samples.csv
  t+   0s  agg queue     0 tasks 4  det queue     0 tasks 1  rows 0
  t+  10s  agg queue     0 tasks 4  det queue     0 tasks 1  rows 0
  t+  20s  agg queue     0 tasks 4  det queue     0 tasks 1  rows 0
  t+  30s  agg queue     0 tasks 4  det queue     0 tasks 1  rows 0
  t+  40s  agg queue     0 tasks 4  det queue     0 tasks 1  rows 0
  t+  50s  agg queue     0 tasks 4  det queue     0 tasks 1  rows 0
  t+  60s  agg queue     0 tasks 4  det queue     0 tasks 1  rows 0
  t+  70s  agg queue     0 tasks 4  det queue     0 tasks 1  rows 0
  t+  80s  agg queue     0 tasks 4  det queue     0 tasks 1  rows 0
  t+  90s  agg queue     0 tasks 4  det queue     0 tasks 1  rows 0
  t+ 100s  agg queue     0 tasks 4  det queue     0 tasks 1  rows 0
  t+ 110s  agg queue   624 tasks 3  det queue  3387 tasks 1  rows 0
  t+ 121s  agg queue     0 tasks 3  det queue  3097 tasks 1  rows 0
  t+ 131s  agg queue   581 tasks 3  det queue     0 tasks 1  rows 0
  t+ 141s  agg queue     0 tasks 3  det queue  4553 tasks 1  rows 0
  t+ 151s  agg queue     0 tasks 3  det queue  4419 tasks 1  rows 0
  t+ 161s  agg queue     0 tasks 3  det queue  4553 tasks 1  rows 0
  t+ 171s  agg queue    26 tasks 3  det queue  3412 tasks 1  rows 0
  t+ 181s  agg queue     0 tasks 3  det queue  3720 tasks 1  rows 0
  t+ 191s  agg queue     0 tasks 3  det queue  2326 tasks 1  rows 0
  t+ 203s  agg queue     0 tasks 3  det queue  2090 tasks 1  rows 0
  t+ 213s  agg queue     0 tasks 3  det queue  2888 tasks 1  rows 0
  t+ 223s  agg queue     0 tasks 3  det queue  2878 tasks 1  rows 0
  t+ 233s  agg queue     0 tasks 2  det queue  1984 tasks 1  rows 0
  t+ 243s  agg queue     0 tasks 2  det queue  2135 tasks 1  rows 0
  t+ 253s  agg queue     0 tasks 2  det queue  2133 tasks 1  rows 0
  t+ 263s  agg queue     0 tasks 2  det queue  3313 tasks 1  rows 0
  t+ 273s  agg queue     0 tasks 2  det queue  3374 tasks 1  rows 0
  t+ 283s  agg queue     0 tasks 2  det queue  2857 tasks 1  rows 0
  t+ 293s  agg queue   126 tasks 2  det queue  3708 tasks 1  rows 0
  t+ 303s  agg queue     0 tasks 2  det queue  3951 tasks 1  rows 0
  t+ 313s  agg queue     0 tasks 2  det queue  3562 tasks 1  rows 0
  t+ 323s  agg queue   126 tasks 2  det queue  4333 tasks 1  rows 0
  t+ 334s  agg queue     0 tasks 2  det queue  3942 tasks 1  rows 0
  t+ 344s  agg queue     0 tasks 2  det queue  3757 tasks 1  rows 0
  t+ 354s  agg queue     0 tasks 2  det queue  3951 tasks 1  rows 0
  t+ 364s  agg queue     0 tasks 2  det queue     0 tasks 1  rows 0
  t+ 374s  agg queue     0 tasks 2  det queue  4333 tasks 1  rows 0
  t+ 384s  agg queue     0 tasks 2  det queue     0 tasks 1  rows 0
  t+ 394s  agg queue     0 tasks 2  det queue     0 tasks 1  rows 0
  t+ 404s  agg queue     0 tasks 2  det queue   595 tasks 1  rows 0
  t+ 414s  agg queue     0 tasks 2  det queue     0 tasks 1  rows 0
  t+ 424s  agg queue     0 tasks 2  det queue     0 tasks 1  rows 0
  t+ 434s  agg queue     0 tasks 2  det queue     0 tasks 1  rows 0
  t+ 444s  agg queue     0 tasks 2  det queue     0 tasks 1  rows 0
  t+ 454s  agg queue     0 tasks 2  det queue     0 tasks 1  rows 0
  t+ 464s  agg queue     0 tasks 2  det queue     0 tasks 1  rows 0
  t+ 474s  agg queue     0 tasks 2  det queue     0 tasks 1  rows 0
  t+ 484s  agg queue     0 tasks 2  det queue     0 tasks 1  rows 0
  t+ 494s  agg queue     0 tasks 2  det queue     0 tasks 1  rows 0
  t+ 504s  agg queue     0 tasks 2  det queue     0 tasks 1  rows 0
sampling finished, evidence/dual-prediction-pinned/scale-b0.5-m4000/samples.csv
