sampling every 10s for 510s into evidence/dual-prediction-pinned/scale-b1-m7000/samples.csv
  t+   0s  agg queue     0 tasks 2  det queue     0 tasks 1  rows 0
  t+  10s  agg queue     0 tasks 2  det queue     0 tasks 1  rows 0
  t+  20s  agg queue     0 tasks 2  det queue     0 tasks 1  rows 0
  t+  30s  agg queue     0 tasks 2  det queue     0 tasks 1  rows 0
  t+  40s  agg queue     0 tasks 1  det queue     0 tasks 1  rows 0
  t+  50s  agg queue     0 tasks 1  det queue     0 tasks 1  rows 0
  t+  60s  agg queue     0 tasks 1  det queue     0 tasks 1  rows 0
  t+  70s  agg queue     0 tasks 1  det queue     0 tasks 1  rows 0
  t+  80s  agg queue     0 tasks 1  det queue     0 tasks 1  rows 0
  t+  90s  agg queue     0 tasks 1  det queue     0 tasks 1  rows 0
  t+ 100s  agg queue     0 tasks 1  det queue     0 tasks 1  rows 0
  t+ 110s  agg queue     0 tasks 1  det queue  1268 tasks 1  rows 0
  t+ 120s  agg queue   843 tasks 1  det queue  1268 tasks 1  rows 0
  t+ 130s  agg queue     0 tasks 1  det queue  1768 tasks 1  rows 0
  t+ 140s  agg queue   823 tasks 1  det queue   788 tasks 1  rows 0
  t+ 150s  agg queue   883 tasks 1  det queue  1646 tasks 1  rows 0
  t+ 160s  agg queue   415 tasks 1  det queue  1489 tasks 1  rows 0
  t+ 170s  agg queue   843 tasks 1  det queue  1076 tasks 1  rows 0
  t+ 180s  agg queue     0 tasks 1  det queue   813 tasks 1  rows 0
  t+ 190s  agg queue   584 tasks 1  det queue   813 tasks 1  rows 0
  t+ 200s  agg queue   518 tasks 1  det queue  1166 tasks 1  rows 0
  t+ 210s  agg queue   415 tasks 1  det queue   995 tasks 1  rows 0
  t+ 220s  agg queue   584 tasks 1  det queue   544 tasks 1  rows 0
  t+ 230s  agg queue   214 tasks 1  det queue  1962 tasks 1  rows 0
  t+ 240s  agg queue  1511 tasks 1  det queue   886 tasks 1  rows 0
  t+ 250s  agg queue   961 tasks 1  det queue  2905 tasks 1  rows 0
  t+ 260s  agg queue  3100 tasks 1  det queue  1962 tasks 1  rows 0
  t+ 270s  agg queue  3100 tasks 1  det queue  1416 tasks 1  rows 0
  t+ 280s  agg queue  3720 tasks 1  det queue  2572 tasks 1  rows 0
  t+ 290s  agg queue  2137 tasks 1  det queue  2882 tasks 1  rows 0
  t+ 300s  agg queue  2927 tasks 1  det queue  2081 tasks 1  rows 0
  t+ 310s  agg queue  2296 tasks 1  det queue   778 tasks 1  rows 0
  t+ 320s  agg queue   609 tasks 1  det queue  2985 tasks 1  rows 0
  t+ 330s  agg queue  1243 tasks 1  det queue  1320 tasks 1  rows 0
  t+ 340s  agg queue  1778 tasks 1  det queue  2572 tasks 1  rows 0
  t+ 350s  agg queue   609 tasks 1  det queue   188 tasks 1  rows 0
  t+ 360s  agg queue     0 tasks 1  det queue     0 tasks 1  rows 0
  t+ 370s  agg queue     0 tasks 1  det queue     0 tasks 1  rows 0
  t+ 380s  agg queue     0 tasks 1  det queue     0 tasks 1  rows 0
  t+ 390s  agg queue     0 tasks 6  det queue     0 tasks 1  rows 0
  t+ 400s  agg queue     0 tasks 6  det queue     0 tasks 1  rows 0
  t+ 410s  agg queue     0 tasks 6  det queue     0 tasks 1  rows 0
  t+ 420s  agg queue     0 tasks 6  det queue     0 tasks 1  rows 0
  t+ 430s  agg queue     0 tasks 6  det queue     0 tasks 1  rows 0
  t+ 440s  agg queue     0 tasks 6  det queue     0 tasks 1  rows 0
  t+ 450s  agg queue     0 tasks 6  det queue     0 tasks 1  rows 0
  t+ 460s  agg queue     0 tasks 6  det queue     0 tasks 1  rows 0
  t+ 470s  agg queue     0 tasks 6  det queue     0 tasks 1  rows 0
  t+ 480s  agg queue     0 tasks 6  det queue     0 tasks 1  rows 0
  t+ 490s  agg queue     0 tasks 6  det queue     0 tasks 1  rows 0
  t+ 500s  agg queue     0 tasks 6  det queue     0 tasks 1  rows 0
sampling finished, evidence/dual-prediction-pinned/scale-b1-m7000/samples.csv
