sampling every 10s for 510s into evidence/deadband-hb60-pinned/scale-m2500/samples.csv
  t+   0s  agg queue     0 tasks 1  det queue     0 tasks 1  rows 0
  t+  10s  agg queue     0 tasks 1  det queue     0 tasks 1  rows 0
  t+  20s  agg queue     0 tasks 1  det queue     0 tasks 1  rows 0
  t+  30s  agg queue     0 tasks 1  det queue     0 tasks 1  rows 0
  t+  40s  agg queue     0 tasks 1  det queue     0 tasks 1  rows 0
  t+  50s  agg queue     0 tasks 1  det queue     0 tasks 1  rows 0
  t+  60s  agg queue     0 tasks 1  det queue     0 tasks 1  rows 0
  t+  70s  agg queue     0 tasks 1  det queue     0 tasks 1  rows 0
  t+  80s  agg queue     0 tasks 1  det queue     0 tasks 1  rows 0
  t+  90s  agg queue     0 tasks 1  det queue     0 tasks 1  rows 0
  t+ 100s  agg queue     0 tasks 1  det queue     0 tasks 1  rows 0
  t+ 110s  agg queue   849 tasks 1  det queue  2047 tasks 1  rows 0
  t+ 120s  agg queue   419 tasks 1  det queue     0 tasks 1  rows 0
  t+ 130s  agg queue  1450 tasks 1  det queue  1066 tasks 1  rows 0
  t+ 140s  agg queue  1544 tasks 1  det queue  3869 tasks 1  rows 0
  t+ 150s  agg queue  1070 tasks 1  det queue  2047 tasks 1  rows 0
  t+ 160s  agg queue   419 tasks 1  det queue  6511 tasks 1  rows 0
  t+ 170s  agg queue  1033 tasks 1  det queue  5947 tasks 1  rows 0
  t+ 180s  agg queue   922 tasks 1  det queue  6155 tasks 1  rows 0
  t+ 190s  agg queue   215 tasks 1  det queue  6899 tasks 1  rows 0
  t+ 200s  agg queue  1802 tasks 1  det queue  9670 tasks 1  rows 0
  t+ 210s  agg queue  1759 tasks 1  det queue  6511 tasks 1  rows 0
  t+ 220s  agg queue  1550 tasks 1  det queue  8642 tasks 1  rows 0
  t+ 230s  agg queue  1050 tasks 1  det queue 10672 tasks 1  rows 0
  t+ 240s  agg queue     0 tasks 1  det queue 10416 tasks 1  rows 0
  t+ 250s  agg queue  1613 tasks 1  det queue 10416 tasks 1  rows 0
  t+ 260s  agg queue  1625 tasks 1  det queue 13148 tasks 1  rows 0
  t+ 270s  agg queue   572 tasks 1  det queue 13640 tasks 1  rows 0
  t+ 280s  agg queue  1625 tasks 1  det queue 15261 tasks 1  rows 0
  t+ 290s  agg queue   572 tasks 1  det queue 12508 tasks 1  rows 0
  t+ 300s  agg queue   997 tasks 1  det queue 14234 tasks 1  rows 0
  t+ 310s  agg queue   694 tasks 1  det queue 17392 tasks 1  rows 0
  t+ 320s  agg queue   475 tasks 1  det queue 15756 tasks 1  rows 0
  t+ 330s  agg queue   973 tasks 1  det queue 16472 tasks 1  rows 0
  t+ 340s  agg queue     0 tasks 1  det queue 19865 tasks 1  rows 0
  t+ 350s  agg queue     0 tasks 1  det queue 18235 tasks 1  rows 0
  t+ 360s  agg queue     0 tasks 1  det queue 17177 tasks 1  rows 0
  t+ 370s  agg queue     0 tasks 1  det queue 15008 tasks 1  rows 0
  t+ 381s  agg queue    49 tasks 1  det queue 13798 tasks 1  rows 0
  t+ 391s  agg queue     0 tasks 1  det queue 13208 tasks 1  rows 0
  t+ 401s  agg queue     0 tasks 1  det queue 13578 tasks 1  rows 0
  t+ 411s  agg queue     0 tasks 1  det queue 16077 tasks 1  rows 0
  t+ 421s  agg queue     0 tasks 6  det queue 15008 tasks 1  rows 0
  t+ 431s  agg queue     0 tasks 6  det queue 13798 tasks 1  rows 0
  t+ 441s  agg queue     0 tasks 6  det queue  8278 tasks 1  rows 0
  t+ 451s  agg queue     0 tasks 6  det queue 10768 tasks 1  rows 0
  t+ 462s  agg queue     0 tasks 6  det queue  7778 tasks 1  rows 0
  t+ 472s  agg queue     0 tasks 6  det queue  6788 tasks 1  rows 0
  t+ 482s  agg queue     0 tasks 6  det queue  3798 tasks 1  rows 0
  t+ 492s  agg queue     0 tasks 6  det queue  2658 tasks 1  rows 0
  t+ 502s  agg queue     0 tasks 6  det queue  4768 tasks 1  rows 0
sampling finished, evidence/deadband-hb60-pinned/scale-m2500/samples.csv
