sampling every 10s for 300s into evidence/baseline/ramp/samples-20.csv
  t+   0s  agg queue     0 tasks 1  det queue     0 tasks 1  rows 57673
  t+  13s  agg queue     0 tasks 1  det queue     0 tasks 1  rows 57790
  t+  26s  agg queue     0 tasks 1  det queue     0 tasks 1  rows 57900
  t+  39s  agg queue     0 tasks 1  det queue     0 tasks 1  rows 58272
  t+  52s  agg queue     0 tasks 1  det queue     0 tasks 1  rows 58395
  t+  65s  agg queue     0 tasks 1  det queue     0 tasks 1  rows 58480
  t+  78s  agg queue     0 tasks 1  det queue     0 tasks 1  rows 58631
  t+  91s  agg queue     0 tasks 1  det queue     0 tasks 1  rows 58721
  t+ 104s  agg queue     0 tasks 1  det queue     0 tasks 1  rows 58952
  t+ 117s  agg queue     0 tasks 1  det queue     0 tasks 1  rows 59049
  t+ 130s  agg queue    70 tasks 1  det queue     0 tasks 1  rows 59130
  t+ 143s  agg queue     0 tasks 1  det queue     0 tasks 1  rows 59189
  t+ 156s  agg queue     0 tasks 1  det queue     0 tasks 1  rows 59226
  t+ 169s  agg queue     0 tasks 1  det queue     0 tasks 1  rows 59424
  t+ 182s  agg queue     0 tasks 1  det queue     0 tasks 1  rows 59454
  t+ 195s  agg queue     0 tasks 1  det queue     0 tasks 1  rows 59472
  t+ 208s  agg queue     0 tasks 1  det queue     0 tasks 1  rows 59558
  t+ 221s  agg queue     0 tasks 1  det queue     0 tasks 1  rows 59748
  t+ 234s  agg queue     0 tasks 1  det queue     0 tasks 1  rows 59777
  t+ 247s  agg queue     0 tasks 1  det queue     0 tasks 1  rows 59831
  t+ 260s  agg queue     0 tasks 1  det queue     0 tasks 1  rows 59891
  t+ 273s  agg queue     0 tasks 1  det queue     0 tasks 1  rows 59921
  t+ 286s  agg queue     0 tasks 1  det queue     0 tasks 1  rows 60125
  t+ 299s  agg queue    15 tasks 1  det queue     0 tasks 1  rows 60193
sampling finished, evidence/baseline/ramp/samples-20.csv
sampling every 10s for 300s into evidence/baseline/ramp/samples-60.csv
  t+   0s  agg queue     0 tasks 1  det queue     0 tasks 1  rows 60567
  t+  13s  agg queue     0 tasks 1  det queue     0 tasks 1  rows 60677
  t+  27s  agg queue     0 tasks 1  det queue     0 tasks 1  rows 60852
  t+  40s  agg queue     0 tasks 1  det queue     0 tasks 1  rows 61024
  t+  53s  agg queue    16 tasks 1  det queue     0 tasks 1  rows 61117
  t+  67s  agg queue     0 tasks 1  det queue     0 tasks 1  rows 61502
  t+  80s  agg queue     0 tasks 1  det queue     0 tasks 1  rows 61557
  t+  93s  agg queue    16 tasks 1  det queue     0 tasks 1  rows 61686
  t+ 106s  agg queue     0 tasks 1  det queue     0 tasks 1  rows 62072
  t+ 119s  agg queue     0 tasks 1  det queue     0 tasks 1  rows 62449
  t+ 134s  agg queue     0 tasks 1  det queue     0 tasks 1  rows 62535
  t+ 147s  agg queue     0 tasks 1  det queue     0 tasks 1  rows 62881
  t+ 160s  agg queue     0 tasks 1  det queue     0 tasks 1  rows 63048
  t+ 174s  agg queue     0 tasks 1  det queue     0 tasks 1  rows 63137
  t+ 187s  agg queue     0 tasks 1  det queue     0 tasks 1  rows 63544
  t+ 200s  agg queue     0 tasks 1  det queue     0 tasks 1  rows 63610
  t+ 214s  agg queue     0 tasks 1  det queue     0 tasks 1  rows 63912
  t+ 227s  agg queue     0 tasks 1  det queue     0 tasks 1  rows 64087
  t+ 240s  agg queue   178 tasks 1  det queue     0 tasks 1  rows 64444
  t+ 254s  agg queue    76 tasks 1  det queue     0 tasks 1  rows 64556
  t+ 267s  agg queue     0 tasks 1  det queue     0 tasks 1  rows 64627
  t+ 280s  agg queue     0 tasks 1  det queue     0 tasks 1  rows 64889
  t+ 293s  agg queue    77 tasks 1  det queue     0 tasks 1  rows 65138
sampling finished, evidence/baseline/ramp/samples-60.csv
sampling every 10s for 300s into evidence/baseline/ramp/samples-100.csv
  t+   0s  agg queue     0 tasks 1  det queue     0 tasks 1  rows 65547
  t+  13s  agg queue     0 tasks 1  det queue   148 tasks 1  rows 65823
  t+  26s  agg queue    77 tasks 1  det queue     0 tasks 1  rows 66100
  t+  40s  agg queue     0 tasks 1  det queue     0 tasks 1  rows 66300
  t+  53s  agg queue     0 tasks 1  det queue     0 tasks 1  rows 66484
  t+  67s  agg queue    42 tasks 1  det queue     0 tasks 1  rows 66942
  t+  82s  agg queue     0 tasks 1  det queue     0 tasks 1  rows 67006
  t+  95s  agg queue     0 tasks 1  det queue     0 tasks 1  rows 67280
  t+ 108s  agg queue     0 tasks 1  det queue     0 tasks 1  rows 67588
  t+ 122s  agg queue   127 tasks 1  det queue     0 tasks 1  rows 67968
  t+ 136s  agg queue     0 tasks 1  det queue     0 tasks 1  rows 68115
  t+ 149s  agg queue     0 tasks 1  det queue     0 tasks 1  rows 68351
  t+ 164s  agg queue     0 tasks 1  det queue     0 tasks 1  rows 68538
  t+ 177s  agg queue     0 tasks 1  det queue     0 tasks 1  rows 69173
  t+ 191s  agg queue     0 tasks 1  det queue     0 tasks 1  rows 69407
  t+ 207s  agg queue    36 tasks 1  det queue     0 tasks 1  rows 69752
  t+ 221s  agg queue     0 tasks 1  det queue     0 tasks 1  rows 70069
  t+ 234s  agg queue     0 tasks 1  det queue     0 tasks 1  rows 70412
  t+ 250s  agg queue     0 tasks 1  det queue     0 tasks 1  rows 70693
  t+ 264s  agg queue     0 tasks 1  det queue     0 tasks 1  rows 71038
  t+ 278s  agg queue   134 tasks 1  det queue     0 tasks 1  rows 71396
  t+ 291s  agg queue     0 tasks 1  det queue    42 tasks 1  rows 71533
sampling finished, evidence/baseline/ramp/samples-100.csv
sampling every 10s for 300s into evidence/baseline/ramp/samples-140.csv
  t+   0s  agg queue     0 tasks 1  det queue     0 tasks 1  rows 72096
  t+  14s  agg queue   156 tasks 1  det queue     0 tasks 1  rows 72662
  t+  28s  agg queue     0 tasks 1  det queue     0 tasks 1  rows 72900
  t+  41s  agg queue     0 tasks 1  det queue     0 tasks 1  rows 73279
  t+  55s  agg queue     0 tasks 1  det queue     0 tasks 1  rows 73665
  t+  69s  agg queue     0 tasks 1  det queue     0 tasks 1  rows 74113
  t+  83s  agg queue     0 tasks 1  det queue     0 tasks 1  rows 74396
  t+  97s  agg queue     0 tasks 1  det queue     0 tasks 1  rows 74748
  t+ 111s  agg queue   146 tasks 1  det queue     0 tasks 1  rows 75385
  t+ 125s  agg queue   291 tasks 1  det queue     0 tasks 1  rows 75876
  t+ 139s  agg queue     0 tasks 1  det queue     0 tasks 1  rows 76138
  t+ 154s  agg queue    43 tasks 1  det queue     0 tasks 1  rows 76518
  t+ 168s  agg queue     0 tasks 1  det queue     0 tasks 1  rows 76976
  t+ 183s  agg queue     0 tasks 1  det queue     0 tasks 1  rows 77495
  t+ 197s  agg queue     0 tasks 1  det queue     0 tasks 1  rows 77689
  t+ 212s  agg queue     0 tasks 1  det queue     0 tasks 1  rows 78138
  t+ 228s  agg queue     0 tasks 1  det queue     0 tasks 1  rows 78525
  t+ 242s  agg queue     0 tasks 1  det queue     0 tasks 1  rows 79093
  t+ 256s  agg queue     0 tasks 1  det queue     0 tasks 1  rows 79322
  t+ 270s  agg queue     0 tasks 1  det queue     0 tasks 1  rows 79825
  t+ 284s  agg queue     0 tasks 1  det queue     0 tasks 1  rows 80163
  t+ 298s  agg queue     0 tasks 1  det queue    81 tasks 1  rows 80520
sampling finished, evidence/baseline/ramp/samples-140.csv
sampling every 10s for 300s into evidence/baseline/ramp/samples-180.csv
  t+   0s  agg queue   169 tasks 1  det queue    81 tasks 1  rows 81276
  t+  14s  agg queue     0 tasks 1  det queue     0 tasks 1  rows 81573
  t+  28s  agg queue     0 tasks 1  det queue     0 tasks 1  rows 82080
  t+  42s  agg queue     0 tasks 1  det queue   159 tasks 1  rows 82267
  t+  57s  agg queue   138 tasks 1  det queue     0 tasks 1  rows 82755
  t+  71s  agg queue     0 tasks 1  det queue     0 tasks 1  rows 83143
  t+  85s  agg queue     0 tasks 1  det queue     0 tasks 1  rows 83425
  t+ 100s  agg queue     0 tasks 1  det queue     0 tasks 1  rows 83832
  t+ 114s  agg queue     0 tasks 1  det queue     0 tasks 1  rows 84247
  t+ 129s  agg queue     0 tasks 1  det queue   226 tasks 1  rows 84805
  t+ 143s  agg queue     0 tasks 1  det queue     0 tasks 1  rows 85042
  t+ 158s  agg queue     0 tasks 1  det queue     0 tasks 1  rows 85696
  t+ 172s  agg queue     0 tasks 1  det queue     0 tasks 1  rows 86114
  t+ 187s  agg queue   106 tasks 1  det queue     0 tasks 1  rows 86663
  t+ 201s  agg queue     0 tasks 1  det queue     0 tasks 1  rows 87180
  t+ 215s  agg queue     0 tasks 1  det queue    32 tasks 1  rows 87544
  t+ 230s  agg queue   292 tasks 1  det queue     0 tasks 1  rows 88142
  t+ 244s  agg queue     0 tasks 1  det queue     0 tasks 1  rows 88566
  t+ 259s  agg queue     0 tasks 1  det queue     0 tasks 1  rows 89176
  t+ 273s  agg queue     0 tasks 1  det queue     0 tasks 1  rows 89514
  t+ 288s  agg queue     0 tasks 1  det queue     3 tasks 1  rows 90105
sampling finished, evidence/baseline/ramp/samples-180.csv
sampling every 10s for 300s into evidence/baseline/ramp/samples-200.csv
  t+   0s  agg queue     0 tasks 1  det queue   219 tasks 1  rows 90556
  t+  14s  agg queue     0 tasks 1  det queue     0 tasks 1  rows 91254
  t+  29s  agg queue     0 tasks 1  det queue     0 tasks 1  rows 91647
  t+  44s  agg queue     0 tasks 1  det queue     0 tasks 1  rows 92309
  t+  59s  agg queue     0 tasks 1  det queue     0 tasks 1  rows 92752
  t+  73s  agg queue   137 tasks 1  det queue     0 tasks 1  rows 93324
  t+  88s  agg queue    22 tasks 1  det queue     0 tasks 1  rows 93699
  t+ 103s  agg queue   285 tasks 1  det queue     0 tasks 1  rows 94301
  t+ 118s  agg queue     0 tasks 1  det queue     0 tasks 1  rows 94782
  t+ 133s  agg queue     0 tasks 1  det queue     0 tasks 1  rows 95336
  t+ 148s  agg queue   202 tasks 1  det queue    84 tasks 1  rows 95746
  t+ 162s  agg queue     0 tasks 1  det queue     0 tasks 1  rows 96222
  t+ 177s  agg queue     0 tasks 1  det queue     0 tasks 1  rows 96801
  t+ 192s  agg queue     0 tasks 1  det queue     0 tasks 1  rows 97370
  t+ 207s  agg queue     0 tasks 1  det queue     0 tasks 1  rows 97874
  t+ 222s  agg queue   239 tasks 1  det queue     0 tasks 1  rows 98390
  t+ 237s  agg queue   278 tasks 1  det queue     0 tasks 1  rows 98889
  t+ 253s  agg queue   239 tasks 1  det queue     0 tasks 1  rows 99576
  t+ 268s  agg queue     0 tasks 1  det queue     0 tasks 1  rows 99976
  t+ 283s  agg queue     0 tasks 1  det queue     0 tasks 1  rows 100481
  t+ 298s  agg queue     0 tasks 1  det queue     0 tasks 1  rows 100889
sampling finished, evidence/baseline/ramp/samples-200.csv
