sampling every 10s for 120s into evidence/dual-prediction-b2-hb600/burst/samples-pre.csv
  t+   0s  agg queue    71 tasks 1  det queue   125 tasks 1  rows 0
  t+  12s  agg queue    41 tasks 1  det queue     0 tasks 1  rows 0
  t+  25s  agg queue    41 tasks 1  det queue     0 tasks 1  rows 0
  t+  36s  agg queue     0 tasks 1  det queue   125 tasks 1  rows 0
  t+  47s  agg queue     0 tasks 1  det queue     0 tasks 1  rows 0
  t+  57s  agg queue     0 tasks 1  det queue     0 tasks 1  rows 0
  t+  67s  agg queue     0 tasks 1  det queue     0 tasks 1  rows 0
  t+  77s  agg queue     0 tasks 1  det queue     0 tasks 1  rows 0
  t+  87s  agg queue     0 tasks 1  det queue     0 tasks 1  rows 0
  t+  98s  agg queue     0 tasks 1  det queue    13 tasks 1  rows 0
  t+ 109s  agg queue     0 tasks 1  det queue     0 tasks 1  rows 0
  t+ 119s  agg queue     0 tasks 1  det queue     0 tasks 1  rows 0
sampling finished, evidence/dual-prediction-b2-hb600/burst/samples-pre.csv
sampling every 10s for 600s into evidence/dual-prediction-b2-hb600/burst/samples.csv
  t+   0s  agg queue     0 tasks 1  det queue     0 tasks 1  rows 0
  t+  10s  agg queue     0 tasks 1  det queue     0 tasks 1  rows 0
  t+  22s  agg queue     0 tasks 1  det queue     0 tasks 1  rows 0
  t+  32s  agg queue     0 tasks 1  det queue     0 tasks 1  rows 0
  t+  42s  agg queue     0 tasks 1  det queue     0 tasks 1  rows 0
  t+  52s  agg queue     0 tasks 1  det queue     0 tasks 1  rows 0
  t+  63s  agg queue     0 tasks 1  det queue     0 tasks 1  rows 0
  t+  73s  agg queue     0 tasks 1  det queue     0 tasks 1  rows 0
  t+  83s  agg queue     0 tasks 1  det queue     0 tasks 1  rows 0
  t+  93s  agg queue     0 tasks 1  det queue     0 tasks 1  rows 0
  t+ 104s  agg queue     0 tasks 1  det queue     0 tasks 1  rows 0
  t+ 114s  agg queue     0 tasks 1  det queue     0 tasks 1  rows 0
  t+ 124s  agg queue     0 tasks 1  det queue     0 tasks 1  rows 0
  t+ 134s  agg queue     0 tasks 1  det queue     0 tasks 1  rows 0
  t+ 145s  agg queue     0 tasks 1  det queue     0 tasks 1  rows 0
  t+ 155s  agg queue     6 tasks 1  det queue     0 tasks 1  rows 0
  t+ 165s  agg queue     0 tasks 1  det queue     0 tasks 1  rows 0
  t+ 176s  agg queue     0 tasks 1  det queue     8 tasks 1  rows 0
  t+ 186s  agg queue     0 tasks 1  det queue     0 tasks 1  rows 0
  t+ 197s  agg queue     0 tasks 1  det queue     0 tasks 1  rows 0
  t+ 208s  agg queue     0 tasks 1  det queue     0 tasks 1  rows 0
  t+ 219s  agg queue    32 tasks 1  det queue     0 tasks 1  rows 0
  t+ 230s  agg queue    32 tasks 1  det queue     0 tasks 1  rows 0
  t+ 240s  agg queue     0 tasks 1  det queue     0 tasks 1  rows 0
  t+ 251s  agg queue     0 tasks 1  det queue     0 tasks 1  rows 0
  t+ 262s  agg queue     0 tasks 1  det queue     0 tasks 1  rows 0
  t+ 273s  agg queue     0 tasks 1  det queue     0 tasks 1  rows 0
  t+ 284s  agg queue     0 tasks 1  det queue     0 tasks 1  rows 0
  t+ 295s  agg queue     0 tasks 1  det queue     0 tasks 1  rows 0
  t+ 306s  agg queue     0 tasks 1  det queue     0 tasks 1  rows 0
  t+ 316s  agg queue     0 tasks 1  det queue     0 tasks 1  rows 0
  t+ 326s  agg queue     0 tasks 1  det queue     0 tasks 1  rows 0
  t+ 336s  agg queue     0 tasks 1  det queue    31 tasks 1  rows 0
  t+ 346s  agg queue     0 tasks 1  det queue     0 tasks 1  rows 0
  t+ 356s  agg queue     0 tasks 1  det queue     0 tasks 1  rows 0
  t+ 366s  agg queue     0 tasks 1  det queue     0 tasks 1  rows 0
  t+ 376s  agg queue     0 tasks 1  det queue     0 tasks 1  rows 0
  t+ 386s  agg queue     0 tasks 1  det queue     0 tasks 1  rows 0
  t+ 396s  agg queue     0 tasks 1  det queue    53 tasks 1  rows 0
  t+ 406s  agg queue     0 tasks 1  det queue     0 tasks 1  rows 0
  t+ 416s  agg queue     0 tasks 1  det queue     0 tasks 1  rows 0
  t+ 426s  agg queue     0 tasks 1  det queue     0 tasks 1  rows 0
  t+ 436s  agg queue     0 tasks 1  det queue    53 tasks 1  rows 0
  t+ 446s  agg queue     0 tasks 1  det queue     0 tasks 1  rows 0
  t+ 456s  agg queue     0 tasks 1  det queue     0 tasks 1  rows 0
  t+ 466s  agg queue     0 tasks 1  det queue     0 tasks 1  rows 0
  t+ 476s  agg queue     0 tasks 1  det queue     0 tasks 1  rows 0
  t+ 486s  agg queue     0 tasks 1  det queue     0 tasks 1  rows 0
  t+ 496s  agg queue     0 tasks 1  det queue     0 tasks 1  rows 0
  t+ 506s  agg queue     0 tasks 1  det queue     0 tasks 1  rows 0
  t+ 516s  agg queue     0 tasks 1  det queue     0 tasks 1  rows 0
  t+ 526s  agg queue     0 tasks 1  det queue     0 tasks 1  rows 0
  t+ 536s  agg queue     0 tasks 1  det queue     0 tasks 1  rows 0
  t+ 546s  agg queue     0 tasks 1  det queue     0 tasks 1  rows 0
  t+ 557s  agg queue     0 tasks 1  det queue     0 tasks 1  rows 0
  t+ 567s  agg queue     0 tasks 1  det queue     0 tasks 1  rows 0
  t+ 577s  agg queue     0 tasks 1  det queue     0 tasks 1  rows 0
  t+ 587s  agg queue     0 tasks 1  det queue     0 tasks 1  rows 0
  t+ 597s  agg queue     0 tasks 1  det queue     0 tasks 1  rows 0
sampling finished, evidence/dual-prediction-b2-hb600/burst/samples.csv
