sampling every 10s for 870s into evidence/dual-prediction-b2-hb600/scale/samples.csv
  t+   0s  agg queue     0 tasks 1  det queue     0 tasks 1  rows 0
  t+  10s  agg queue     0 tasks 1  det queue     0 tasks 1  rows 0
  t+  20s  agg queue     0 tasks 1  det queue     0 tasks 1  rows 0
  t+  30s  agg queue     0 tasks 1  det queue     0 tasks 1  rows 0
  t+  42s  agg queue     0 tasks 1  det queue     0 tasks 1  rows 0
  t+  52s  agg queue     0 tasks 1  det queue     0 tasks 1  rows 0
  t+  62s  agg queue     0 tasks 1  det queue     0 tasks 1  rows 0
  t+  72s  agg queue     0 tasks 1  det queue     0 tasks 1  rows 0
  t+  82s  agg queue     0 tasks 1  det queue     0 tasks 1  rows 0
  t+  92s  agg queue     0 tasks 1  det queue     0 tasks 1  rows 0
  t+ 102s  agg queue     0 tasks 1  det queue     0 tasks 1  rows 0
  t+ 112s  agg queue     0 tasks 1  det queue     0 tasks 1  rows 0
  t+ 122s  agg queue     0 tasks 1  det queue     0 tasks 1  rows 0
  t+ 132s  agg queue     0 tasks 1  det queue    39 tasks 1  rows 0
  t+ 142s  agg queue   130 tasks 1  det queue     0 tasks 1  rows 0
  t+ 152s  agg queue     0 tasks 1  det queue     0 tasks 1  rows 0
  t+ 163s  agg queue     0 tasks 1  det queue     0 tasks 1  rows 0
  t+ 173s  agg queue   130 tasks 1  det queue     0 tasks 1  rows 0
  t+ 183s  agg queue   325 tasks 1  det queue   150 tasks 1  rows 0
  t+ 193s  agg queue     0 tasks 1  det queue     0 tasks 1  rows 0
  t+ 203s  agg queue     0 tasks 1  det queue   198 tasks 1  rows 0
  t+ 213s  agg queue     0 tasks 1  det queue     0 tasks 1  rows 0
  t+ 224s  agg queue   325 tasks 1  det queue    11 tasks 1  rows 0
  t+ 234s  agg queue     0 tasks 1  det queue     0 tasks 1  rows 0
  t+ 244s  agg queue     0 tasks 1  det queue   198 tasks 1  rows 0
  t+ 254s  agg queue     0 tasks 1  det queue   228 tasks 1  rows 0
  t+ 265s  agg queue     0 tasks 1  det queue    11 tasks 1  rows 0
  t+ 275s  agg queue     0 tasks 1  det queue    95 tasks 1  rows 0
  t+ 285s  agg queue     0 tasks 1  det queue   170 tasks 1  rows 0
  t+ 295s  agg queue     0 tasks 1  det queue     0 tasks 1  rows 0
  t+ 305s  agg queue     0 tasks 1  det queue     1 tasks 1  rows 0
  t+ 316s  agg queue     0 tasks 1  det queue     0 tasks 1  rows 0
  t+ 326s  agg queue     0 tasks 1  det queue     1 tasks 1  rows 0
  t+ 336s  agg queue     0 tasks 1  det queue   438 tasks 1  rows 0
  t+ 347s  agg queue     0 tasks 1  det queue    37 tasks 1  rows 0
  t+ 357s  agg queue     0 tasks 1  det queue   246 tasks 1  rows 0
  t+ 367s  agg queue     0 tasks 1  det queue   401 tasks 1  rows 0
  t+ 378s  agg queue   254 tasks 1  det queue   342 tasks 1  rows 0
  t+ 388s  agg queue   254 tasks 1  det queue     0 tasks 1  rows 0
  t+ 399s  agg queue    79 tasks 1  det queue   401 tasks 1  rows 0
  t+ 409s  agg queue    79 tasks 1  det queue    34 tasks 1  rows 0
  t+ 420s  agg queue     0 tasks 1  det queue   219 tasks 1  rows 0
  t+ 430s  agg queue     0 tasks 1  det queue     0 tasks 1  rows 0
  t+ 441s  agg queue     0 tasks 1  det queue     0 tasks 1  rows 0
  t+ 451s  agg queue     0 tasks 1  det queue    70 tasks 1  rows 0
  t+ 462s  agg queue     0 tasks 1  det queue   767 tasks 1  rows 0
  t+ 472s  agg queue   822 tasks 1  det queue   750 tasks 1  rows 0
  t+ 482s  agg queue     0 tasks 1  det queue   838 tasks 1  rows 0
  t+ 492s  agg queue     0 tasks 1  det queue   351 tasks 1  rows 0
  t+ 503s  agg queue     0 tasks 1  det queue   837 tasks 1  rows 0
  t+ 513s  agg queue     0 tasks 1  det queue   106 tasks 1  rows 0
  t+ 524s  agg queue     0 tasks 1  det queue   611 tasks 1  rows 0
  t+ 535s  agg queue     0 tasks 1  det queue    76 tasks 1  rows 0
  t+ 546s  agg queue     0 tasks 1  det queue   246 tasks 1  rows 0
  t+ 557s  agg queue     0 tasks 1  det queue     0 tasks 1  rows 0
  t+ 568s  agg queue     0 tasks 1  det queue   120 tasks 1  rows 0
  t+ 579s  agg queue     0 tasks 1  det queue     0 tasks 1  rows 0
  t+ 590s  agg queue     0 tasks 1  det queue     0 tasks 1  rows 0
  t+ 601s  agg queue     0 tasks 1  det queue    32 tasks 1  rows 0
  t+ 611s  agg queue     0 tasks 1  det queue     0 tasks 1  rows 0
  t+ 622s  agg queue     0 tasks 1  det queue   120 tasks 1  rows 0
  t+ 633s  agg queue     0 tasks 1  det queue  1694 tasks 1  rows 0
  t+ 643s  agg queue   935 tasks 1  det queue  2074 tasks 1  rows 0
  t+ 653s  agg queue  1375 tasks 1  det queue   689 tasks 1  rows 0
  t+ 663s  agg queue   516 tasks 1  det queue  4771 tasks 1  rows 0
  t+ 673s  agg queue   569 tasks 1  det queue  5643 tasks 1  rows 0
  t+ 683s  agg queue   516 tasks 1  det queue  1694 tasks 1  rows 0
  t+ 693s  agg queue   362 tasks 1  det queue  3041 tasks 1  rows 0
  t+ 703s  agg queue   569 tasks 1  det queue  4029 tasks 1  rows 0
  t+ 713s  agg queue   202 tasks 1  det queue  3581 tasks 1  rows 0
  t+ 723s  agg queue     0 tasks 1  det queue  5191 tasks 1  rows 0
  t+ 733s  agg queue     0 tasks 1  det queue   933 tasks 1  rows 0
  t+ 743s  agg queue     0 tasks 1  det queue  1811 tasks 1  rows 0
  t+ 754s  agg queue     0 tasks 1  det queue     0 tasks 1  rows 0
  t+ 764s  agg queue     0 tasks 1  det queue   933 tasks 1  rows 0
  t+ 775s  agg queue     0 tasks 1  det queue     0 tasks 1  rows 0
  t+ 786s  agg queue     0 tasks 1  det queue     0 tasks 1  rows 0
  t+ 796s  agg queue     0 tasks 1  det queue     0 tasks 1  rows 0
  t+ 806s  agg queue     0 tasks 1  det queue     0 tasks 1  rows 0
  t+ 816s  agg queue     0 tasks 1  det queue     0 tasks 1  rows 0
  t+ 826s  agg queue     0 tasks 1  det queue     0 tasks 1  rows 0
  t+ 836s  agg queue     0 tasks 1  det queue     0 tasks 1  rows 0
  t+ 847s  agg queue     0 tasks 1  det queue     0 tasks 1  rows 0
  t+ 858s  agg queue     0 tasks 1  det queue     0 tasks 1  rows 0
  t+ 869s  agg queue     0 tasks 1  det queue     0 tasks 1  rows 0
sampling finished, evidence/dual-prediction-b2-hb600/scale/samples.csv
