sampling every 10s for 120s into evidence/dual-prediction-b0.5-hb600/burst/samples-pre.csv
  t+   0s  agg queue     0 tasks 1  det queue   103 tasks 1  rows 1000
  t+  10s  agg queue   232 tasks 1  det queue     0 tasks 1  rows 1389
  t+  20s  agg queue     0 tasks 1  det queue     0 tasks 1  rows 1419
  t+  31s  agg queue     0 tasks 1  det queue     0 tasks 1  rows 1512
  t+  41s  agg queue   232 tasks 1  det queue     0 tasks 1  rows 1675
  t+  52s  agg queue     0 tasks 1  det queue   103 tasks 1  rows 1830
  t+  62s  agg queue     0 tasks 1  det queue     0 tasks 1  rows 1981
  t+  72s  agg queue     0 tasks 1  det queue     0 tasks 1  rows 2115
  t+  83s  agg queue     0 tasks 1  det queue     0 tasks 1  rows 2220
  t+  93s  agg queue     0 tasks 1  det queue     0 tasks 1  rows 2319
  t+ 104s  agg queue     0 tasks 1  det queue     0 tasks 1  rows 2419
  t+ 114s  agg queue     0 tasks 1  det queue     0 tasks 1  rows 2530
sampling finished, evidence/dual-prediction-b0.5-hb600/burst/samples-pre.csv
sampling every 10s for 600s into evidence/dual-prediction-b0.5-hb600/burst/samples.csv
  t+   0s  agg queue     0 tasks 1  det queue     0 tasks 1  rows 2612
  t+  10s  agg queue     0 tasks 1  det queue     0 tasks 1  rows 2735
  t+  21s  agg queue     0 tasks 1  det queue     0 tasks 1  rows 2878
  t+  31s  agg queue     0 tasks 1  det queue    79 tasks 1  rows 2993
  t+  42s  agg queue     0 tasks 1  det queue     0 tasks 1  rows 3095
  t+  53s  agg queue     0 tasks 1  det queue     0 tasks 1  rows 3201
  t+  63s  agg queue     0 tasks 1  det queue     0 tasks 1  rows 3299
  t+  73s  agg queue     0 tasks 1  det queue     0 tasks 1  rows 3394
  t+  84s  agg queue     0 tasks 1  det queue     0 tasks 1  rows 3497
  t+  94s  agg queue     7 tasks 1  det queue     0 tasks 1  rows 3600
  t+ 105s  agg queue    10 tasks 1  det queue     0 tasks 1  rows 3705
  t+ 115s  agg queue     0 tasks 1  det queue     0 tasks 1  rows 3896
  t+ 126s  agg queue     0 tasks 1  det queue     0 tasks 1  rows 4055
  t+ 137s  agg queue     0 tasks 1  det queue     0 tasks 1  rows 4222
  t+ 147s  agg queue     0 tasks 1  det queue     0 tasks 1  rows 4379
  t+ 157s  agg queue     0 tasks 1  det queue     0 tasks 1  rows 4513
  t+ 168s  agg queue     0 tasks 1  det queue     0 tasks 1  rows 4638
  t+ 178s  agg queue     0 tasks 1  det queue     0 tasks 1  rows 4759
  t+ 189s  agg queue     0 tasks 1  det queue     0 tasks 1  rows 4899
  t+ 199s  agg queue     0 tasks 1  det queue     0 tasks 1  rows 5025
  t+ 210s  agg queue     0 tasks 1  det queue     0 tasks 1  rows 5150
  t+ 221s  agg queue     0 tasks 1  det queue     0 tasks 1  rows 5243
  t+ 231s  agg queue     0 tasks 1  det queue     0 tasks 1  rows 5364
  t+ 242s  agg queue     0 tasks 1  det queue     0 tasks 1  rows 5475
  t+ 252s  agg queue     0 tasks 1  det queue     0 tasks 1  rows 5580
  t+ 263s  agg queue     0 tasks 1  det queue     0 tasks 1  rows 5685
  t+ 274s  agg queue     0 tasks 1  det queue     0 tasks 1  rows 5775
  t+ 284s  agg queue     0 tasks 1  det queue     0 tasks 1  rows 5869
  t+ 295s  agg queue     8 tasks 1  det queue     0 tasks 1  rows 5968
  t+ 305s  agg queue     0 tasks 1  det queue     0 tasks 1  rows 6132
  t+ 316s  agg queue    24 tasks 1  det queue     0 tasks 1  rows 6314
  t+ 326s  agg queue     0 tasks 1  det queue     0 tasks 1  rows 6501
  t+ 337s  agg queue     0 tasks 1  det queue     0 tasks 1  rows 6679
  t+ 348s  agg queue     0 tasks 1  det queue     0 tasks 1  rows 6826
  t+ 358s  agg queue     0 tasks 1  det queue     0 tasks 1  rows 6950
  t+ 369s  agg queue     0 tasks 1  det queue     0 tasks 1  rows 7095
  t+ 379s  agg queue     0 tasks 1  det queue     0 tasks 1  rows 7250
  t+ 390s  agg queue     0 tasks 1  det queue     0 tasks 1  rows 7398
  t+ 401s  agg queue     0 tasks 1  det queue     0 tasks 1  rows 7532
  t+ 411s  agg queue     0 tasks 1  det queue     0 tasks 1  rows 7655
  t+ 422s  agg queue     0 tasks 1  det queue     0 tasks 1  rows 7781
  t+ 432s  agg queue     0 tasks 1  det queue     0 tasks 1  rows 7910
  t+ 443s  agg queue     0 tasks 1  det queue     0 tasks 1  rows 8043
  t+ 453s  agg queue     0 tasks 1  det queue     0 tasks 1  rows 8177
  t+ 464s  agg queue     0 tasks 1  det queue     0 tasks 1  rows 8309
  t+ 475s  agg queue     0 tasks 1  det queue     0 tasks 1  rows 8447
  t+ 485s  agg queue    32 tasks 1  det queue     0 tasks 1  rows 8654
  t+ 496s  agg queue     0 tasks 1  det queue     0 tasks 1  rows 8895
  t+ 506s  agg queue     0 tasks 1  det queue     0 tasks 1  rows 9097
  t+ 517s  agg queue     0 tasks 1  det queue     0 tasks 1  rows 9265
  t+ 528s  agg queue     0 tasks 1  det queue     0 tasks 1  rows 9455
  t+ 538s  agg queue     0 tasks 1  det queue     0 tasks 1  rows 9624
  t+ 549s  agg queue     0 tasks 1  det queue     0 tasks 1  rows 9779
  t+ 559s  agg queue     0 tasks 1  det queue     0 tasks 1  rows 9942
  t+ 570s  agg queue     0 tasks 1  det queue     0 tasks 1  rows 10116
  t+ 581s  agg queue     0 tasks 1  det queue     0 tasks 1  rows 10281
  t+ 592s  agg queue     2 tasks 1  det queue    48 tasks 1  rows 10450
sampling finished, evidence/dual-prediction-b0.5-hb600/burst/samples.csv
