sampling every 10s for 120s into evidence/baseline/burst/samples-pre.csv
  t+   0s  agg queue     0 tasks 1  det queue     0 tasks 1  rows 11476
  t+  11s  agg queue     0 tasks 1  det queue     0 tasks 1  rows 11717
  t+  22s  agg queue     0 tasks 1  det queue     0 tasks 1  rows 12088
  t+  33s  agg queue     0 tasks 1  det queue     0 tasks 1  rows 12241
  t+  43s  agg queue     0 tasks 1  det queue     0 tasks 1  rows 12384
  t+  54s  agg queue     0 tasks 1  det queue     0 tasks 1  rows 12492
  t+  65s  agg queue     0 tasks 1  det queue     0 tasks 1  rows 12639
  t+  76s  agg queue     0 tasks 1  det queue     0 tasks 1  rows 12812
  t+  86s  agg queue     0 tasks 1  det queue     0 tasks 1  rows 13265
  t+  97s  agg queue     0 tasks 1  det queue     0 tasks 1  rows 13385
  t+ 108s  agg queue     0 tasks 1  det queue     0 tasks 1  rows 13475
  t+ 119s  agg queue     0 tasks 1  det queue     0 tasks 1  rows 13615
sampling finished, evidence/baseline/burst/samples-pre.csv
sampling every 10s for 600s into evidence/baseline/burst/samples.csv
  t+   0s  agg queue     0 tasks 1  det queue     0 tasks 1  rows 13734
  t+  11s  agg queue    34 tasks 1  det queue     0 tasks 1  rows 13777
  t+  22s  agg queue     0 tasks 1  det queue    40 tasks 1  rows 14149
  t+  33s  agg queue    81 tasks 1  det queue     0 tasks 1  rows 14297
  t+  44s  agg queue     0 tasks 1  det queue     0 tasks 1  rows 14462
  t+  54s  agg queue     0 tasks 1  det queue     0 tasks 1  rows 14622
  t+  65s  agg queue     0 tasks 1  det queue     0 tasks 1  rows 14826
  t+  76s  agg queue    81 tasks 1  det queue     0 tasks 1  rows 15142
  t+  87s  agg queue     0 tasks 1  det queue     0 tasks 1  rows 15336
  t+  98s  agg queue     0 tasks 1  det queue     0 tasks 1  rows 15442
  t+ 109s  agg queue     0 tasks 1  det queue     0 tasks 1  rows 15549
  t+ 121s  agg queue    91 tasks 1  det queue   490 tasks 1  rows 16029
  t+ 131s  agg queue    21 tasks 1  det queue   279 tasks 1  rows 16284
  t+ 142s  agg queue    91 tasks 1  det queue     0 tasks 1  rows 16629
  t+ 153s  agg queue    29 tasks 1  det queue   490 tasks 1  rows 16777
  t+ 164s  agg queue     0 tasks 1  det queue     0 tasks 1  rows 16953
  t+ 175s  agg queue    29 tasks 1  det queue     0 tasks 1  rows 17086
  t+ 187s  agg queue     0 tasks 1  det queue     0 tasks 1  rows 17249
  t+ 197s  agg queue   875 tasks 1  det queue     0 tasks 1  rows 17617
  t+ 209s  agg queue     0 tasks 1  det queue     0 tasks 1  rows 17725
  t+ 219s  agg queue     0 tasks 1  det queue     0 tasks 1  rows 17834
  t+ 230s  agg queue     0 tasks 1  det queue     0 tasks 1  rows 17987
  t+ 241s  agg queue     0 tasks 1  det queue     0 tasks 1  rows 18137
  t+ 252s  agg queue     0 tasks 1  det queue     0 tasks 1  rows 18252
  t+ 263s  agg queue     0 tasks 1  det queue     0 tasks 1  rows 18619
  t+ 274s  agg queue     0 tasks 1  det queue     0 tasks 1  rows 18767
  t+ 285s  agg queue     0 tasks 1  det queue     0 tasks 1  rows 18986
  t+ 297s  agg queue     0 tasks 1  det queue     0 tasks 1  rows 19133
  t+ 308s  agg queue    64 tasks 1  det queue     0 tasks 1  rows 19245
  t+ 319s  agg queue   214 tasks 1  det queue     0 tasks 1  rows 19607
  t+ 329s  agg queue     0 tasks 1  det queue     0 tasks 1  rows 19725
  t+ 340s  agg queue     0 tasks 1  det queue     0 tasks 1  rows 19862
  t+ 351s  agg queue     0 tasks 1  det queue     0 tasks 1  rows 19972
  t+ 362s  agg queue     0 tasks 1  det queue     0 tasks 1  rows 20127
  t+ 374s  agg queue     0 tasks 1  det queue    53 tasks 1  rows 20251
  t+ 385s  agg queue     0 tasks 1  det queue     0 tasks 1  rows 20726
  t+ 396s  agg queue    27 tasks 1  det queue     0 tasks 1  rows 20900
  t+ 408s  agg queue     0 tasks 1  det queue     0 tasks 1  rows 21014
  t+ 419s  agg queue     0 tasks 1  det queue     0 tasks 1  rows 21149
  t+ 430s  agg queue     0 tasks 1  det queue     0 tasks 1  rows 21310
  t+ 442s  agg queue     0 tasks 1  det queue     0 tasks 1  rows 21662
  t+ 453s  agg queue     0 tasks 1  det queue     8 tasks 1  rows 21770
  t+ 465s  agg queue     0 tasks 1  det queue     0 tasks 1  rows 21924
  t+ 476s  agg queue     0 tasks 1  det queue     0 tasks 1  rows 22115
  t+ 487s  agg queue     0 tasks 1  det queue     0 tasks 1  rows 22250
  t+ 499s  agg queue     0 tasks 1  det queue     0 tasks 1  rows 22616
  t+ 510s  agg queue    32 tasks 1  det queue     0 tasks 1  rows 22730
  t+ 522s  agg queue     0 tasks 1  det queue     0 tasks 1  rows 22835
  t+ 533s  agg queue    48 tasks 1  det queue     0 tasks 1  rows 22959
  t+ 544s  agg queue    48 tasks 1  det queue     0 tasks 1  rows 23096
  t+ 556s  agg queue     0 tasks 1  det queue     0 tasks 1  rows 23499
  t+ 568s  agg queue     0 tasks 1  det queue     0 tasks 1  rows 23705
  t+ 579s  agg queue     0 tasks 1  det queue     0 tasks 1  rows 23832
  t+ 590s  agg queue     0 tasks 1  det queue     0 tasks 1  rows 23978
sampling finished, evidence/baseline/burst/samples.csv
sampling every 10s for 600s into evidence/baseline/burst/samples.csv
  t+   0s  agg queue     0 tasks 1  det queue     0 tasks 1  rows 24131
  t+  12s  agg queue     0 tasks 1  det queue    37 tasks 1  rows 24427
  t+  23s  agg queue     0 tasks 1  det queue     0 tasks 1  rows 24761
  t+  35s  agg queue     0 tasks 1  det queue     0 tasks 1  rows 24903
  t+  46s  agg queue     0 tasks 1  det queue    60 tasks 0  rows 25013
  t+  58s  agg queue     0 tasks 1  det queue     0 tasks 0  rows 25127
  t+  70s  agg queue     6 tasks 1  det queue   214 tasks 0  rows 25233
  t+  81s  agg queue     6 tasks 1  det queue   214 tasks 0  rows 25673
  t+  93s  agg queue     0 tasks 1  det queue   214 tasks 0  rows 25875
  t+ 105s  agg queue     0 tasks 1  det queue   214 tasks 1  rows 25980
  t+ 116s  agg queue    65 tasks 1  det queue   952 tasks 1  rows 26104
  t+ 128s  agg queue     0 tasks 1  det queue   962 tasks 1  rows 26199
  t+ 139s  agg queue     0 tasks 1  det queue   825 tasks 1  rows 26561
  t+ 151s  agg queue     0 tasks 1  det queue     0 tasks 1  rows 26743
  t+ 162s  agg queue     0 tasks 1  det queue     0 tasks 1  rows 26979
  t+ 174s  agg queue     0 tasks 1  det queue     0 tasks 1  rows 27111
  t+ 185s  agg queue     0 tasks 1  det queue    31 tasks 1  rows 27254
  t+ 197s  agg queue     0 tasks 1  det queue     0 tasks 1  rows 27616
  t+ 208s  agg queue     0 tasks 1  det queue     0 tasks 1  rows 27733
  t+ 220s  agg queue     0 tasks 1  det queue     0 tasks 1  rows 27850
  t+ 231s  agg queue    57 tasks 1  det queue     0 tasks 1  rows 28057
  t+ 243s  agg queue     0 tasks 1  det queue     0 tasks 1  rows 28231
  t+ 254s  agg queue     0 tasks 1  det queue     0 tasks 1  rows 28597
  t+ 266s  agg queue   224 tasks 1  det queue     0 tasks 1  rows 28707
  t+ 277s  agg queue     0 tasks 1  det queue     0 tasks 1  rows 28823
  t+ 290s  agg queue     0 tasks 1  det queue     0 tasks 1  rows 28948
  t+ 301s  agg queue     0 tasks 1  det queue     0 tasks 1  rows 29149
  t+ 313s  agg queue     0 tasks 1  det queue     5 tasks 1  rows 29519
  t+ 324s  agg queue     0 tasks 1  det queue     0 tasks 1  rows 29678
  t+ 342s  agg queue     0 tasks 1  det queue     0 tasks 1  rows 29932
  t+ 353s  agg queue     0 tasks 1  det queue     0 tasks 1  rows 30083
  t+ 365s  agg queue     0 tasks 1  det queue     0 tasks 1  rows 30208
  t+ 377s  agg queue     0 tasks 1  det queue     0 tasks 1  rows 30577
  t+ 389s  agg queue     0 tasks 1  det queue   279 tasks 1  rows 30732
  t+ 401s  agg queue     0 tasks 1  det queue    94 tasks 1  rows 30939
  t+ 412s  agg queue     0 tasks 1  det queue     0 tasks 1  rows 31062
  t+ 424s  agg queue     0 tasks 1  det queue     0 tasks 1  rows 31172
  t+ 436s  agg queue     0 tasks 1  det queue    48 tasks 1  rows 31307
  t+ 448s  agg queue     0 tasks 1  det queue     0 tasks 1  rows 31669
  t+ 460s  agg queue     0 tasks 1  det queue     0 tasks 1  rows 31868
  t+ 472s  agg queue     0 tasks 1  det queue   170 tasks 1  rows 32026
  t+ 484s  agg queue     0 tasks 1  det queue     0 tasks 1  rows 32142
  t+ 495s  agg queue     0 tasks 1  det queue     0 tasks 1  rows 32274
  t+ 507s  agg queue     0 tasks 1  det queue     0 tasks 1  rows 32635
  t+ 519s  agg queue    53 tasks 1  det queue     0 tasks 1  rows 32763
  t+ 531s  agg queue     0 tasks 1  det queue     0 tasks 1  rows 32996
  t+ 543s  agg queue     0 tasks 1  det queue     0 tasks 1  rows 33158
  t+ 555s  agg queue    53 tasks 1  det queue     0 tasks 1  rows 33295
  t+ 566s  agg queue     0 tasks 1  det queue     0 tasks 1  rows 33666
  t+ 578s  agg queue     0 tasks 1  det queue    23 tasks 1  rows 33785
  t+ 590s  agg queue     0 tasks 1  det queue     0 tasks 1  rows 33986
sampling finished, evidence/baseline/burst/samples.csv
