sampling every 10s for 510s into evidence/deadband-hb60-pinned/scale-m1000/samples.csv
  t+   0s  agg queue     0 tasks 1  det queue     0 tasks 1  rows 0
  t+  12s  agg queue     0 tasks 1  det queue     0 tasks 1  rows 0
  t+  22s  agg queue     0 tasks 1  det queue     0 tasks 1  rows 0
  t+  32s  agg queue     0 tasks 1  det queue     0 tasks 1  rows 0
  t+  42s  agg queue     0 tasks 1  det queue     0 tasks 1  rows 0
  t+  52s  agg queue     0 tasks 1  det queue     0 tasks 1  rows 0
  t+  62s  agg queue     0 tasks 1  det queue     0 tasks 1  rows 0
  t+  72s  agg queue     0 tasks 1  det queue     0 tasks 1  rows 0
  t+  82s  agg queue     0 tasks 1  det queue     0 tasks 1  rows 0
  t+  92s  agg queue     0 tasks 1  det queue     0 tasks 1  rows 0
  t+ 102s  agg queue     0 tasks 1  det queue     0 tasks 1  rows 0
  t+ 112s  agg queue     0 tasks 1  det queue    36 tasks 1  rows 0
  t+ 122s  agg queue     0 tasks 1  det queue     0 tasks 1  rows 0
  t+ 132s  agg queue     0 tasks 1  det queue    82 tasks 1  rows 0
  t+ 142s  agg queue     0 tasks 1  det queue    82 tasks 1  rows 0
  t+ 152s  agg queue   165 tasks 1  det queue    36 tasks 1  rows 0
  t+ 162s  agg queue     0 tasks 1  det queue     0 tasks 1  rows 0
  t+ 172s  agg queue     0 tasks 1  det queue   129 tasks 1  rows 0
  t+ 182s  agg queue     0 tasks 1  det queue     0 tasks 1  rows 0
  t+ 192s  agg queue   165 tasks 1  det queue     0 tasks 1  rows 0
  t+ 202s  agg queue     0 tasks 1  det queue    65 tasks 1  rows 0
  t+ 212s  agg queue     0 tasks 1  det queue     0 tasks 1  rows 0
  t+ 222s  agg queue     0 tasks 1  det queue     0 tasks 1  rows 0
  t+ 232s  agg queue     0 tasks 1  det queue     0 tasks 1  rows 0
  t+ 242s  agg queue   369 tasks 1  det queue  1291 tasks 1  rows 0
  t+ 252s  agg queue   329 tasks 1  det queue     0 tasks 1  rows 0
  t+ 262s  agg queue     0 tasks 1  det queue   265 tasks 1  rows 0
  t+ 272s  agg queue     0 tasks 1  det queue  1045 tasks 1  rows 0
  t+ 282s  agg queue     0 tasks 1  det queue     0 tasks 1  rows 0
  t+ 292s  agg queue     0 tasks 1  det queue   666 tasks 1  rows 0
  t+ 302s  agg queue     0 tasks 1  det queue     0 tasks 1  rows 0
  t+ 312s  agg queue   349 tasks 1  det queue     0 tasks 1  rows 0
  t+ 322s  agg queue     0 tasks 1  det queue     0 tasks 1  rows 0
  t+ 332s  agg queue     0 tasks 1  det queue   965 tasks 1  rows 0
  t+ 342s  agg queue     0 tasks 1  det queue     0 tasks 1  rows 0
  t+ 352s  agg queue   135 tasks 1  det queue     0 tasks 1  rows 0
  t+ 362s  agg queue     0 tasks 1  det queue   965 tasks 1  rows 0
  t+ 372s  agg queue     0 tasks 1  det queue     0 tasks 1  rows 0
  t+ 382s  agg queue     0 tasks 1  det queue     0 tasks 1  rows 0
  t+ 392s  agg queue     0 tasks 1  det queue     0 tasks 1  rows 0
  t+ 402s  agg queue     0 tasks 1  det queue     0 tasks 1  rows 0
  t+ 412s  agg queue     0 tasks 1  det queue     0 tasks 1  rows 0
  t+ 422s  agg queue     0 tasks 1  det queue     0 tasks 1  rows 0
  t+ 432s  agg queue     0 tasks 1  det queue     0 tasks 1  rows 0
  t+ 442s  agg queue     0 tasks 1  det queue     0 tasks 1  rows 0
  t+ 452s  agg queue     0 tasks 1  det queue     0 tasks 1  rows 0
  t+ 462s  agg queue     0 tasks 1  det queue     0 tasks 1  rows 0
  t+ 472s  agg queue     0 tasks 1  det queue     0 tasks 1  rows 0
  t+ 482s  agg queue     0 tasks 1  det queue     0 tasks 1  rows 0
  t+ 492s  agg queue     0 tasks 1  det queue     0 tasks 1  rows 0
  t+ 502s  agg queue     0 tasks 1  det queue     0 tasks 1  rows 0
sampling finished, evidence/deadband-hb60-pinned/scale-m1000/samples.csv
