plant load: 6000 machines, filter dual-prediction at 1 sigma, heartbeat 600s, warm-up 90s, then 600s published to linesentry-windows
  warm-up    t -90s  forwarded 0, sent 0, failed 0, queued 0, judged 0, worst tick lag 0ms
  warm-up    t -80s  forwarded 0, sent 0, failed 0, queued 0, judged 400, worst tick lag 0ms
  warm-up    t -70s  forwarded 0, sent 0, failed 0, queued 0, judged 4800, worst tick lag 0ms
  warm-up    t -60s  forwarded 0, sent 0, failed 0, queued 0, judged 13200, worst tick lag 0ms
  warm-up    t -50s  forwarded 0, sent 0, failed 0, queued 0, judged 25600, worst tick lag 0ms
  warm-up    t -40s  forwarded 0, sent 0, failed 0, queued 0, judged 42000, worst tick lag 0ms
  warm-up    t -30s  forwarded 0, sent 0, failed 0, queued 0, judged 62400, worst tick lag 0ms
  warm-up    t -20s  forwarded 0, sent 0, failed 0, queued 0, judged 86400, worst tick lag 0ms
  warm-up    t -10s  forwarded 0, sent 0, failed 0, queued 0, judged 110400, worst tick lag 0ms
  publishing t+   0s  forwarded 0, sent 0, failed 0, queued 0, judged 134400, worst tick lag 1ms
  publishing t+  10s  forwarded 1121, sent 1121, failed 0, queued 0, judged 158400, worst tick lag 1ms
  publishing t+  20s  forwarded 2647, sent 2647, failed 0, queued 0, judged 182400, worst tick lag 2ms
  publishing t+  30s  forwarded 4482, sent 4482, failed 0, queued 0, judged 206400, worst tick lag 2ms
  publishing t+  40s  forwarded 6472, sent 6472, failed 0, queued 0, judged 230400, worst tick lag 2ms
  publishing t+  50s  forwarded 8418, sent 8418, failed 0, queued 0, judged 254400, worst tick lag 2ms
  publishing t+  60s  forwarded 10145, sent 10145, failed 0, queued 0, judged 278400, worst tick lag 2ms
  publishing t+  70s  forwarded 11624, sent 11624, failed 0, queued 0, judged 302400, worst tick lag 2ms
  publishing t+  80s  forwarded 12879, sent 12879, failed 0, queued 0, judged 326400, worst tick lag 2ms
  publishing t+  90s  forwarded 13922, sent 13922, failed 0, queued 0, judged 350400, worst tick lag 2ms
  publishing t+ 100s  forwarded 14862, sent 14861, failed 0, queued 0, judged 374400, worst tick lag 2ms
  publishing t+ 110s  forwarded 15668, sent 15668, failed 0, queued 0, judged 398400, worst tick lag 2ms
  publishing t+ 120s  forwarded 16426, sent 16426, failed 0, queued 0, judged 422400, worst tick lag 2ms
  publishing t+ 130s  forwarded 17155, sent 17155, failed 0, queued 0, judged 446400, worst tick lag 2ms
  publishing t+ 140s  forwarded 18904, sent 18904, failed 0, queued 0, judged 470400, worst tick lag 2ms
  publishing t+ 150s  forwarded 22486, sent 22486, failed 0, queued 0, judged 494400, worst tick lag 2ms
  publishing t+ 160s  forwarded 24092, sent 24092, failed 0, queued 0, judged 518400, worst tick lag 2ms
  publishing t+ 170s  forwarded 25018, sent 25018, failed 0, queued 0, judged 542400, worst tick lag 2ms
  publishing t+ 180s  forwarded 25752, sent 25752, failed 0, queued 0, judged 566400, worst tick lag 2ms
  publishing t+ 190s  forwarded 26462, sent 26462, failed 0, queued 0, judged 590400, worst tick lag 2ms
  publishing t+ 200s  forwarded 27884, sent 27884, failed 0, queued 0, judged 614400, worst tick lag 2ms
  publishing t+ 210s  forwarded 30000, sent 30000, failed 0, queued 0, judged 638400, worst tick lag 2ms
  publishing t+ 220s  forwarded 32972, sent 32972, failed 0, queued 0, judged 662400, worst tick lag 2ms
  publishing t+ 230s  forwarded 34230, sent 34230, failed 0, queued 0, judged 686400, worst tick lag 2ms
  publishing t+ 240s  forwarded 35204, sent 35204, failed 0, queued 0, judged 710400, worst tick lag 2ms
  publishing t+ 250s  forwarded 35870, sent 35870, failed 0, queued 0, judged 734400, worst tick lag 2ms
  publishing t+ 260s  forwarded 36610, sent 36609, failed 0, queued 0, judged 758400, worst tick lag 2ms
  publishing t+ 270s  forwarded 37286, sent 37286, failed 0, queued 0, judged 782400, worst tick lag 1913ms
  publishing t+ 280s  forwarded 37918, sent 37918, failed 0, queued 0, judged 806400, worst tick lag 1913ms
  publishing t+ 290s  forwarded 38561, sent 38561, failed 0, queued 0, judged 830400, worst tick lag 1913ms
  publishing t+ 300s  forwarded 39167, sent 39167, failed 0, queued 0, judged 854400, worst tick lag 1913ms
  publishing t+ 310s  forwarded 39785, sent 39785, failed 0, queued 0, judged 878400, worst tick lag 1913ms
  publishing t+ 320s  forwarded 40398, sent 40398, failed 0, queued 0, judged 902400, worst tick lag 1913ms
  publishing t+ 330s  forwarded 42155, sent 42155, failed 0, queued 0, judged 926400, worst tick lag 1913ms
  publishing t+ 340s  forwarded 45708, sent 45708, failed 0, queued 0, judged 950400, worst tick lag 1913ms
  publishing t+ 350s  forwarded 47461, sent 47461, failed 0, queued 0, judged 974400, worst tick lag 1913ms
  publishing t+ 360s  forwarded 48561, sent 48561, failed 0, queued 0, judged 998400, worst tick lag 1913ms
  publishing t+ 370s  forwarded 49245, sent 49245, failed 0, queued 0, judged 1022400, worst tick lag 1913ms
  publishing t+ 380s  forwarded 49924, sent 49924, failed 0, queued 0, judged 1046400, worst tick lag 1913ms
  publishing t+ 390s  forwarded 51212, sent 51212, failed 0, queued 0, judged 1070400, worst tick lag 1913ms
  publishing t+ 400s  forwarded 52939, sent 52938, failed 0, queued 0, judged 1094400, worst tick lag 1913ms
  publishing t+ 410s  forwarded 55852, sent 55851, failed 0, queued 0, judged 1118400, worst tick lag 1913ms
  publishing t+ 420s  forwarded 57098, sent 57097, failed 0, queued 0, judged 1142400, worst tick lag 1913ms
  publishing t+ 430s  forwarded 58161, sent 58160, failed 0, queued 0, judged 1166400, worst tick lag 1913ms
  publishing t+ 440s  forwarded 58928, sent 58927, failed 0, queued 0, judged 1190400, worst tick lag 1913ms
  publishing t+ 450s  forwarded 59727, sent 59726, failed 0, queued 0, judged 1214400, worst tick lag 1913ms
  publishing t+ 460s  forwarded 60374, sent 60374, failed 0, queued 0, judged 1238400, worst tick lag 1913ms
  publishing t+ 470s  forwarded 60960, sent 60960, failed 0, queued 0, judged 1262400, worst tick lag 1913ms
  publishing t+ 480s  forwarded 61566, sent 61566, failed 0, queued 0, judged 1286400, worst tick lag 1913ms
  publishing t+ 490s  forwarded 62158, sent 62158, failed 0, queued 0, judged 1310400, worst tick lag 1913ms
  publishing t+ 500s  forwarded 62736, sent 62736, failed 0, queued 0, judged 1334400, worst tick lag 1913ms
  publishing t+ 510s  forwarded 63335, sent 63335, failed 0, queued 0, judged 1358400, worst tick lag 1913ms
  publishing t+ 520s  forwarded 65982, sent 65982, failed 0, queued 0, judged 1382400, worst tick lag 1913ms
  publishing t+ 530s  forwarded 69144, sent 69144, failed 0, queued 0, judged 1406400, worst tick lag 1913ms
  publishing t+ 540s  forwarded 70863, sent 70863, failed 0, queued 0, judged 1430400, worst tick lag 1913ms
  publishing t+ 550s  forwarded 71899, sent 71899, failed 0, queued 0, judged 1454400, worst tick lag 1913ms
  publishing t+ 560s  forwarded 72693, sent 72693, failed 0, queued 0, judged 1478400, worst tick lag 1913ms
  publishing t+ 570s  forwarded 73585, sent 73584, failed 0, queued 0, judged 1502400, worst tick lag 1913ms
  publishing t+ 580s  forwarded 75427, sent 75426, failed 0, queued 0, judged 1526400, worst tick lag 1913ms
  publishing t+ 590s  forwarded 77855, sent 77855, failed 0, queued 0, judged 1550400, worst tick lag 1913ms
finished: forwarded 80479 over 600s, 134.13/s, 0.02236/machine/s, sent 80479, failed 0, worst tick lag 1913ms
reasons {"divergence":78485,"safety":278,"heartbeat":1716}
