sampling every 10s for 870s into evidence/dual-prediction-b1-hb600/scale/samples.csv
  t+   0s  agg queue     0 tasks 1  det queue     0 tasks 1  rows 0
  t+  10s  agg queue     0 tasks 1  det queue     0 tasks 1  rows 0
  t+  20s  agg queue     0 tasks 1  det queue     0 tasks 1  rows 0
  t+  31s  agg queue     0 tasks 1  det queue     0 tasks 1  rows 0
  t+  41s  agg queue     0 tasks 1  det queue     0 tasks 1  rows 0
  t+  51s  agg queue     0 tasks 1  det queue     0 tasks 1  rows 0
  t+  61s  agg queue     0 tasks 1  det queue     0 tasks 1  rows 0
  t+  72s  agg queue     0 tasks 1  det queue     0 tasks 1  rows 0
  t+  82s  agg queue     0 tasks 1  det queue     0 tasks 1  rows 0
  t+  93s  agg queue   717 tasks 1  det queue     0 tasks 1  rows 0
  t+ 104s  agg queue   792 tasks 1  det queue     0 tasks 1  rows 0
  t+ 114s  agg queue   717 tasks 1  det queue   744 tasks 1  rows 0
  t+ 125s  agg queue  1427 tasks 1  det queue  1590 tasks 1  rows 0
  t+ 136s  agg queue   927 tasks 1  det queue  3685 tasks 1  rows 0
  t+ 147s  agg queue  1020 tasks 1  det queue  4961 tasks 1  rows 0
  t+ 158s  agg queue   792 tasks 1  det queue  5763 tasks 1  rows 0
  t+ 168s  agg queue   551 tasks 1  det queue  7564 tasks 1  rows 0
  t+ 179s  agg queue  1417 tasks 1  det queue  6822 tasks 1  rows 0
  t+ 190s  agg queue  1020 tasks 1  det queue  7564 tasks 1  rows 0
  t+ 201s  agg queue   425 tasks 1  det queue  7019 tasks 1  rows 0
  t+ 212s  agg queue    44 tasks 1  det queue  6638 tasks 1  rows 0
  t+ 223s  agg queue    17 tasks 1  det queue  7134 tasks 1  rows 0
  t+ 233s  agg queue  1213 tasks 1  det queue  7527 tasks 1  rows 0
  t+ 243s  agg queue  2689 tasks 1  det queue 10835 tasks 1  rows 0
  t+ 253s  agg queue    97 tasks 1  det queue  6638 tasks 1  rows 0
  t+ 263s  agg queue  1191 tasks 1  det queue  7777 tasks 1  rows 0
  t+ 273s  agg queue     0 tasks 1  det queue 10835 tasks 1  rows 0
  t+ 283s  agg queue  1605 tasks 1  det queue 11027 tasks 1  rows 0
  t+ 293s  agg queue  1268 tasks 1  det queue 10861 tasks 1  rows 0
  t+ 307s  agg queue   558 tasks 1  det queue 11457 tasks 1  rows 0
  t+ 317s  agg queue  1577 tasks 1  det queue 12163 tasks 1  rows 0
  t+ 327s  agg queue     0 tasks 1  det queue 15074 tasks 1  rows 0
  t+ 341s  agg queue   235 tasks 1  det queue 14272 tasks 1  rows 0
  t+ 351s  agg queue     0 tasks 1  det queue 14303 tasks 5  rows 0
  t+ 369s  agg queue   235 tasks 1  det queue 12804 tasks 6  rows 0
  t+ 379s  agg queue   486 tasks 1  det queue 14272 tasks 6  rows 0
  t+ 389s  agg queue     0 tasks 1  det queue 13719 tasks 6  rows 0
  t+ 399s  agg queue   501 tasks 1  det queue  8000 tasks 6  rows 0
  t+ 409s  agg queue   207 tasks 1  det queue     0 tasks 6  rows 0
  t+ 419s  agg queue  1075 tasks 1  det queue     0 tasks 6  rows 0
  t+ 429s  agg queue     2 tasks 1  det queue 12804 tasks 6  rows 0
  t+ 439s  agg queue  1997 tasks 1  det queue  4658 tasks 6  rows 0
  t+ 449s  agg queue   571 tasks 1  det queue   121 tasks 6  rows 0
  t+ 459s  agg queue     4 tasks 1  det queue     0 tasks 6  rows 0
  t+ 469s  agg queue  1886 tasks 1  det queue     0 tasks 6  rows 0
  t+ 479s  agg queue     4 tasks 1  det queue     0 tasks 6  rows 0
  t+ 489s  agg queue   477 tasks 1  det queue     0 tasks 6  rows 0
  t+ 499s  agg queue   289 tasks 1  det queue     0 tasks 6  rows 0
  t+ 509s  agg queue  1273 tasks 1  det queue     0 tasks 6  rows 0
  t+ 519s  agg queue   561 tasks 1  det queue     0 tasks 6  rows 0
  t+ 529s  agg queue   288 tasks 1  det queue     0 tasks 6  rows 0
  t+ 539s  agg queue     0 tasks 1  det queue     0 tasks 6  rows 0
  t+ 549s  agg queue     2 tasks 1  det queue     0 tasks 6  rows 0
  t+ 560s  agg queue     0 tasks 1  det queue     0 tasks 6  rows 0
  t+ 571s  agg queue     0 tasks 1  det queue     0 tasks 6  rows 0
  t+ 581s  agg queue     0 tasks 1  det queue     0 tasks 6  rows 0
  t+ 592s  agg queue   219 tasks 1  det queue     0 tasks 6  rows 0
  t+ 602s  agg queue     0 tasks 5  det queue     0 tasks 6  rows 0
  t+ 613s  agg queue  2217 tasks 6  det queue     0 tasks 6  rows 0
  t+ 623s  agg queue  1682 tasks 6  det queue     0 tasks 6  rows 0
  t+ 633s  agg queue  1132 tasks 6  det queue     0 tasks 6  rows 0
  t+ 643s  agg queue     0 tasks 6  det queue     0 tasks 6  rows 0
  t+ 654s  agg queue     0 tasks 6  det queue     0 tasks 6  rows 0
  t+ 664s  agg queue  2217 tasks 6  det queue     0 tasks 6  rows 0
  t+ 674s  agg queue     0 tasks 6  det queue     0 tasks 6  rows 0
  t+ 684s  agg queue     0 tasks 6  det queue     0 tasks 6  rows 0
  t+ 694s  agg queue     0 tasks 6  det queue     0 tasks 6  rows 0
  t+ 704s  agg queue     0 tasks 6  det queue     0 tasks 6  rows 0
  t+ 715s  agg queue     0 tasks 6  det queue     0 tasks 6  rows 0
  t+ 725s  agg queue     0 tasks 6  det queue     0 tasks 6  rows 0
  t+ 735s  agg queue     0 tasks 6  det queue     0 tasks 6  rows 0
  t+ 745s  agg queue     0 tasks 6  det queue     0 tasks 6  rows 0
  t+ 755s  agg queue     0 tasks 6  det queue     0 tasks 6  rows 0
  t+ 765s  agg queue     0 tasks 6  det queue     0 tasks 6  rows 0
  t+ 775s  agg queue     0 tasks 6  det queue     0 tasks 6  rows 0
  t+ 785s  agg queue     0 tasks 6  det queue     0 tasks 6  rows 0
  t+ 796s  agg queue     0 tasks 6  det queue     0 tasks 6  rows 0
  t+ 806s  agg queue     0 tasks 6  det queue     0 tasks 6  rows 0
  t+ 817s  agg queue     0 tasks 6  det queue     0 tasks 6  rows 0
  t+ 827s  agg queue     0 tasks 6  det queue     0 tasks 6  rows 0
  t+ 837s  agg queue     0 tasks 6  det queue     0 tasks 6  rows 0
  t+ 847s  agg queue     0 tasks 6  det queue     0 tasks 6  rows 0
  t+ 858s  agg queue     0 tasks 6  det queue     0 tasks 6  rows 0
  t+ 868s  agg queue     0 tasks 6  det queue     0 tasks 6  rows 0
sampling finished, evidence/dual-prediction-b1-hb600/scale/samples.csv
