sampling every 10s for 600s into evidence/dual-prediction-b0.5-hb600/baseline/samples.csv
  t+   0s  agg queue     0 tasks 1  det queue     0 tasks 1  rows 80
  t+  10s  agg queue     0 tasks 1  det queue    46 tasks 1  rows 160
  t+  21s  agg queue     0 tasks 1  det queue    46 tasks 1  rows 161
  t+  31s  agg queue     0 tasks 1  det queue     0 tasks 1  rows 166
  t+  41s  agg queue     0 tasks 1  det queue     0 tasks 1  rows 173
  t+  52s  agg queue     0 tasks 1  det queue     0 tasks 1  rows 180
  t+  62s  agg queue     0 tasks 1  det queue     0 tasks 1  rows 196
  t+  72s  agg queue     0 tasks 1  det queue     0 tasks 1  rows 206
  t+  83s  agg queue     0 tasks 1  det queue     0 tasks 1  rows 217
  t+  93s  agg queue     0 tasks 1  det queue     0 tasks 1  rows 226
  t+ 104s  agg queue     0 tasks 1  det queue     0 tasks 1  rows 229
  t+ 114s  agg queue     0 tasks 1  det queue     0 tasks 1  rows 234
  t+ 124s  agg queue     0 tasks 1  det queue     0 tasks 1  rows 240
  t+ 134s  agg queue     0 tasks 1  det queue     0 tasks 1  rows 260
  t+ 145s  agg queue     0 tasks 1  det queue     0 tasks 1  rows 267
  t+ 155s  agg queue     0 tasks 1  det queue     0 tasks 1  rows 274
  t+ 166s  agg queue     0 tasks 1  det queue     0 tasks 1  rows 285
  t+ 176s  agg queue     0 tasks 1  det queue     0 tasks 1  rows 298
  t+ 187s  agg queue     0 tasks 1  det queue     0 tasks 1  rows 305
  t+ 197s  agg queue     0 tasks 1  det queue     0 tasks 1  rows 312
  t+ 207s  agg queue     0 tasks 1  det queue     0 tasks 1  rows 320
  t+ 218s  agg queue     0 tasks 1  det queue     0 tasks 1  rows 329
  t+ 228s  agg queue     0 tasks 1  det queue     0 tasks 1  rows 340
  t+ 239s  agg queue     0 tasks 1  det queue     0 tasks 1  rows 345
  t+ 249s  agg queue     0 tasks 1  det queue     0 tasks 1  rows 354
  t+ 259s  agg queue     0 tasks 1  det queue     0 tasks 1  rows 359
  t+ 269s  agg queue     0 tasks 1  det queue     0 tasks 1  rows 366
  t+ 280s  agg queue     0 tasks 1  det queue     0 tasks 1  rows 374
  t+ 290s  agg queue     0 tasks 1  det queue     0 tasks 1  rows 377
  t+ 300s  agg queue     0 tasks 1  det queue     0 tasks 1  rows 382
  t+ 311s  agg queue     0 tasks 1  det queue     0 tasks 1  rows 390
  t+ 321s  agg queue     0 tasks 1  det queue     0 tasks 1  rows 402
  t+ 331s  agg queue     0 tasks 1  det queue     0 tasks 1  rows 408
  t+ 341s  agg queue     0 tasks 1  det queue     0 tasks 1  rows 418
  t+ 352s  agg queue     0 tasks 1  det queue     0 tasks 1  rows 427
  t+ 362s  agg queue     0 tasks 1  det queue     0 tasks 1  rows 441
  t+ 373s  agg queue     0 tasks 1  det queue     0 tasks 1  rows 448
  t+ 383s  agg queue     0 tasks 1  det queue     0 tasks 1  rows 460
  t+ 393s  agg queue     0 tasks 1  det queue     0 tasks 1  rows 468
  t+ 404s  agg queue     0 tasks 1  det queue     0 tasks 1  rows 478
  t+ 414s  agg queue     0 tasks 1  det queue     0 tasks 1  rows 488
  t+ 424s  agg queue     0 tasks 1  det queue     0 tasks 1  rows 498
  t+ 435s  agg queue     0 tasks 1  det queue     0 tasks 1  rows 501
  t+ 445s  agg queue     0 tasks 1  det queue     0 tasks 1  rows 507
  t+ 455s  agg queue     0 tasks 1  det queue     0 tasks 1  rows 514
  t+ 465s  agg queue     0 tasks 1  det queue     0 tasks 1  rows 518
  t+ 476s  agg queue     0 tasks 1  det queue     0 tasks 1  rows 525
  t+ 486s  agg queue     0 tasks 1  det queue     0 tasks 1  rows 531
  t+ 497s  agg queue     0 tasks 1  det queue     0 tasks 1  rows 536
  t+ 507s  agg queue     0 tasks 1  det queue     0 tasks 1  rows 550
  t+ 518s  agg queue     0 tasks 1  det queue     0 tasks 1  rows 561
  t+ 528s  agg queue     0 tasks 1  det queue     0 tasks 1  rows 567
  t+ 538s  agg queue     0 tasks 1  det queue     0 tasks 1  rows 572
  t+ 548s  agg queue     0 tasks 1  det queue     0 tasks 1  rows 588
  t+ 559s  agg queue     0 tasks 1  det queue     0 tasks 1  rows 594
  t+ 569s  agg queue     0 tasks 1  det queue     0 tasks 1  rows 602
  t+ 580s  agg queue     0 tasks 1  det queue     0 tasks 1  rows 608
  t+ 590s  agg queue     0 tasks 1  det queue     0 tasks 1  rows 619
sampling finished, evidence/dual-prediction-b0.5-hb600/baseline/samples.csv
