sampling every 10s for 600s into evidence/deadband-hb60/baseline/samples.csv
  t+   0s  agg queue     0 tasks 1  det queue     0 tasks 6  rows 0
  t+  10s  agg queue     0 tasks 1  det queue     0 tasks 6  rows 0
  t+  20s  agg queue     0 tasks 1  det queue     0 tasks 6  rows 0
  t+  30s  agg queue     0 tasks 1  det queue     0 tasks 6  rows 0
  t+  40s  agg queue     0 tasks 1  det queue     0 tasks 6  rows 0
  t+  50s  agg queue     0 tasks 1  det queue     0 tasks 6  rows 0
  t+  60s  agg queue     0 tasks 1  det queue     0 tasks 6  rows 0
  t+  70s  agg queue     0 tasks 1  det queue     0 tasks 6  rows 0
  t+  80s  agg queue     0 tasks 1  det queue     0 tasks 6  rows 0
  t+  90s  agg queue     0 tasks 1  det queue     0 tasks 6  rows 0
  t+ 100s  agg queue     0 tasks 1  det queue     0 tasks 6  rows 0
  t+ 110s  agg queue     0 tasks 1  det queue     0 tasks 6  rows 0
  t+ 120s  agg queue     0 tasks 1  det queue     0 tasks 6  rows 0
  t+ 130s  agg queue     0 tasks 1  det queue     0 tasks 6  rows 0
  t+ 140s  agg queue     0 tasks 1  det queue     0 tasks 6  rows 0
  t+ 150s  agg queue     0 tasks 1  det queue     0 tasks 6  rows 0
  t+ 160s  agg queue     0 tasks 1  det queue     0 tasks 6  rows 0
  t+ 170s  agg queue     0 tasks 1  det queue     0 tasks 6  rows 0
  t+ 180s  agg queue     0 tasks 1  det queue     0 tasks 6  rows 0
  t+ 190s  agg queue     0 tasks 1  det queue     0 tasks 6  rows 0
  t+ 200s  agg queue     0 tasks 1  det queue     0 tasks 6  rows 0
  t+ 210s  agg queue     0 tasks 1  det queue     0 tasks 6  rows 0
  t+ 220s  agg queue     0 tasks 1  det queue     0 tasks 6  rows 0
  t+ 230s  agg queue     0 tasks 1  det queue     0 tasks 6  rows 0
  t+ 240s  agg queue     0 tasks 1  det queue     0 tasks 6  rows 0
  t+ 250s  agg queue     0 tasks 1  det queue     0 tasks 6  rows 0
  t+ 260s  agg queue     0 tasks 1  det queue     0 tasks 6  rows 0
  t+ 270s  agg queue     0 tasks 1  det queue     0 tasks 6  rows 0
  t+ 280s  agg queue     0 tasks 1  det queue     0 tasks 6  rows 0
  t+ 290s  agg queue     0 tasks 1  det queue     0 tasks 6  rows 0
  t+ 300s  agg queue     0 tasks 1  det queue     0 tasks 6  rows 0
  t+ 310s  agg queue     0 tasks 1  det queue     0 tasks 5  rows 0
  t+ 320s  agg queue     0 tasks 1  det queue     0 tasks 5  rows 0
  t+ 330s  agg queue     0 tasks 1  det queue     0 tasks 5  rows 0
  t+ 340s  agg queue     0 tasks 1  det queue     0 tasks 5  rows 0
  t+ 350s  agg queue     0 tasks 1  det queue     0 tasks 5  rows 0
  t+ 360s  agg queue     0 tasks 1  det queue     0 tasks 5  rows 0
  t+ 370s  agg queue     0 tasks 1  det queue     0 tasks 5  rows 0
  t+ 380s  agg queue     0 tasks 1  det queue     0 tasks 5  rows 0
  t+ 390s  agg queue     0 tasks 1  det queue     0 tasks 5  rows 0
  t+ 400s  agg queue     0 tasks 1  det queue     0 tasks 5  rows 0
  t+ 410s  agg queue     0 tasks 1  det queue     0 tasks 5  rows 0
  t+ 420s  agg queue     0 tasks 1  det queue     0 tasks 5  rows 0
  t+ 430s  agg queue     0 tasks 1  det queue     0 tasks 4  rows 0
  t+ 440s  agg queue     0 tasks 1  det queue     0 tasks 4  rows 0
  t+ 450s  agg queue     0 tasks 1  det queue     0 tasks 4  rows 0
  t+ 460s  agg queue     0 tasks 1  det queue     0 tasks 4  rows 0
  t+ 470s  agg queue     0 tasks 1  det queue     0 tasks 4  rows 0
  t+ 480s  agg queue     0 tasks 1  det queue     0 tasks 4  rows 0
  t+ 490s  agg queue     0 tasks 1  det queue     0 tasks 4  rows 0
  t+ 500s  agg queue     0 tasks 1  det queue     0 tasks 4  rows 0
  t+ 510s  agg queue     0 tasks 1  det queue     0 tasks 4  rows 0
  t+ 520s  agg queue     0 tasks 1  det queue     0 tasks 4  rows 0
  t+ 530s  agg queue     0 tasks 1  det queue     0 tasks 4  rows 0
  t+ 540s  agg queue     0 tasks 1  det queue     0 tasks 4  rows 0
  t+ 550s  agg queue     0 tasks 1  det queue     0 tasks 3  rows 0
  t+ 560s  agg queue     0 tasks 1  det queue     0 tasks 3  rows 0
  t+ 570s  agg queue     0 tasks 1  det queue     0 tasks 3  rows 0
  t+ 580s  agg queue     0 tasks 1  det queue     0 tasks 3  rows 0
  t+ 590s  agg queue     0 tasks 1  det queue     0 tasks 3  rows 0
sampling finished, evidence/deadband-hb60/baseline/samples.csv
