sampling every 10s for 120s into evidence/deadband-hb60/burst/samples-pre.csv
  t+   0s  agg queue     0 tasks 1  det queue   135 tasks 1  rows 0
  t+  11s  agg queue     0 tasks 1  det queue     0 tasks 1  rows 0
  t+  21s  agg queue     0 tasks 1  det queue     0 tasks 1  rows 0
  t+  31s  agg queue     0 tasks 1  det queue     0 tasks 1  rows 0
  t+  41s  agg queue     3 tasks 1  det queue     0 tasks 1  rows 0
  t+  51s  agg queue     0 tasks 1  det queue     0 tasks 5  rows 0
  t+  61s  agg queue     0 tasks 1  det queue     0 tasks 6  rows 0
  t+  71s  agg queue     0 tasks 1  det queue     0 tasks 6  rows 0
  t+  81s  agg queue     0 tasks 1  det queue     0 tasks 6  rows 0
  t+  91s  agg queue     0 tasks 1  det queue     0 tasks 6  rows 0
  t+ 101s  agg queue     0 tasks 1  det queue     0 tasks 6  rows 0
  t+ 111s  agg queue     0 tasks 1  det queue     0 tasks 6  rows 0
sampling finished, evidence/deadband-hb60/burst/samples-pre.csv
sampling every 10s for 600s into evidence/deadband-hb60/burst/samples.csv
  t+   0s  agg queue     0 tasks 1  det queue     0 tasks 6  rows 0
  t+  12s  agg queue     0 tasks 1  det queue     0 tasks 6  rows 0
  t+  26s  agg queue     0 tasks 1  det queue     0 tasks 6  rows 0
  t+  36s  agg queue   137 tasks 1  det queue     0 tasks 6  rows 0
  t+  46s  agg queue     0 tasks 1  det queue     0 tasks 6  rows 0
  t+  56s  agg queue     0 tasks 1  det queue     0 tasks 6  rows 0
  t+  66s  agg queue     0 tasks 1  det queue     0 tasks 6  rows 0
  t+  76s  agg queue     0 tasks 1  det queue     0 tasks 6  rows 0
  t+  86s  agg queue     0 tasks 1  det queue     0 tasks 6  rows 0
  t+  96s  agg queue     0 tasks 1  det queue     0 tasks 6  rows 0
  t+ 106s  agg queue     0 tasks 1  det queue     0 tasks 6  rows 0
  t+ 116s  agg queue     0 tasks 1  det queue     0 tasks 6  rows 0
  t+ 126s  agg queue     0 tasks 1  det queue     0 tasks 6  rows 0
  t+ 136s  agg queue   231 tasks 1  det queue     3 tasks 6  rows 0
  t+ 146s  agg queue     0 tasks 1  det queue     0 tasks 6  rows 0
  t+ 156s  agg queue     0 tasks 1  det queue     3 tasks 6  rows 0
  t+ 166s  agg queue     0 tasks 1  det queue     0 tasks 6  rows 0
  t+ 176s  agg queue     0 tasks 1  det queue     0 tasks 6  rows 0
  t+ 186s  agg queue     0 tasks 1  det queue     0 tasks 6  rows 0
  t+ 198s  agg queue     0 tasks 1  det queue     0 tasks 6  rows 0
  t+ 211s  agg queue     0 tasks 1  det queue     0 tasks 6  rows 0
  t+ 221s  agg queue     0 tasks 1  det queue     0 tasks 6  rows 0
  t+ 231s  agg queue     0 tasks 1  det queue     0 tasks 6  rows 0
  t+ 242s  agg queue     0 tasks 1  det queue     0 tasks 6  rows 0
  t+ 252s  agg queue     0 tasks 1  det queue     0 tasks 6  rows 0
  t+ 262s  agg queue     0 tasks 1  det queue     0 tasks 6  rows 0
  t+ 272s  agg queue     0 tasks 1  det queue     0 tasks 6  rows 0
  t+ 283s  agg queue     0 tasks 1  det queue     0 tasks 6  rows 0
  t+ 293s  agg queue     0 tasks 1  det queue     0 tasks 6  rows 0
  t+ 303s  agg queue     0 tasks 1  det queue     0 tasks 6  rows 0
  t+ 313s  agg queue     0 tasks 1  det queue     0 tasks 6  rows 0
  t+ 323s  agg queue     0 tasks 1  det queue     0 tasks 6  rows 0
  t+ 333s  agg queue     0 tasks 1  det queue     0 tasks 6  rows 0
  t+ 343s  agg queue     0 tasks 1  det queue     0 tasks 6  rows 0
  t+ 353s  agg queue     0 tasks 1  det queue     0 tasks 6  rows 0
  t+ 363s  agg queue     0 tasks 1  det queue     0 tasks 6  rows 0
  t+ 373s  agg queue     0 tasks 1  det queue     0 tasks 6  rows 0
  t+ 383s  agg queue     0 tasks 1  det queue     0 tasks 6  rows 0
  t+ 393s  agg queue     0 tasks 1  det queue     0 tasks 6  rows 0
  t+ 403s  agg queue     0 tasks 1  det queue     0 tasks 6  rows 0
  t+ 413s  agg queue     0 tasks 1  det queue     0 tasks 6  rows 0
  t+ 423s  agg queue     0 tasks 1  det queue     0 tasks 6  rows 0
  t+ 433s  agg queue     0 tasks 1  det queue     0 tasks 6  rows 0
  t+ 443s  agg queue     0 tasks 1  det queue     0 tasks 6  rows 0
  t+ 453s  agg queue     0 tasks 1  det queue     0 tasks 6  rows 0
  t+ 463s  agg queue     0 tasks 1  det queue     0 tasks 6  rows 0
  t+ 473s  agg queue     0 tasks 1  det queue     0 tasks 6  rows 0
  t+ 483s  agg queue     0 tasks 1  det queue     0 tasks 6  rows 0
  t+ 493s  agg queue     0 tasks 1  det queue     0 tasks 6  rows 0
  t+ 503s  agg queue     0 tasks 1  det queue     0 tasks 6  rows 0
  t+ 513s  agg queue     0 tasks 1  det queue     0 tasks 6  rows 0
  t+ 523s  agg queue     0 tasks 1  det queue     0 tasks 6  rows 0
  t+ 533s  agg queue     0 tasks 1  det queue     0 tasks 6  rows 0
  t+ 543s  agg queue     0 tasks 1  det queue     0 tasks 6  rows 0
  t+ 553s  agg queue     0 tasks 1  det queue     0 tasks 6  rows 0
  t+ 563s  agg queue     0 tasks 1  det queue     0 tasks 6  rows 0
  t+ 573s  agg queue     0 tasks 1  det queue     0 tasks 6  rows 0
  t+ 583s  agg queue     0 tasks 1  det queue     0 tasks 6  rows 0
  t+ 593s  agg queue     0 tasks 1  det queue     0 tasks 6  rows 0
sampling finished, evidence/deadband-hb60/burst/samples.csv
