sampling every 10s for 600s into evidence/baseline/baseline/samples.csv
  t+   0s  agg queue     0 tasks 6  det queue     0 tasks 6  rows 44051
  t+  12s  agg queue     0 tasks 6  det queue     0 tasks 6  rows 44091
  t+  25s  agg queue     0 tasks 6  det queue     0 tasks 6  rows 44131
  t+  37s  agg queue     0 tasks 6  det queue     0 tasks 6  rows 44198
  t+  49s  agg queue     0 tasks 6  det queue     0 tasks 6  rows 44251
  t+  61s  agg queue     0 tasks 6  det queue     0 tasks 6  rows 44331
  t+  74s  agg queue     0 tasks 6  det queue     0 tasks 6  rows 44363
  t+  86s  agg queue     0 tasks 6  det queue     0 tasks 6  rows 44399
  t+  98s  agg queue     0 tasks 6  det queue     0 tasks 6  rows 44447
  t+ 111s  agg queue     0 tasks 6  det queue     0 tasks 6  rows 44470
  t+ 123s  agg queue     0 tasks 6  det queue     0 tasks 6  rows 44534
  t+ 135s  agg queue     0 tasks 6  det queue     0 tasks 6  rows 44555
  t+ 148s  agg queue     0 tasks 6  det queue     0 tasks 6  rows 44587
  t+ 160s  agg queue     0 tasks 6  det queue     0 tasks 6  rows 44591
  t+ 172s  agg queue     0 tasks 6  det queue     0 tasks 6  rows 44600
  t+ 185s  agg queue     0 tasks 6  det queue     0 tasks 6  rows 44610
  t+ 197s  agg queue     0 tasks 6  det queue     0 tasks 6  rows 44651
  t+ 209s  agg queue     0 tasks 6  det queue     0 tasks 6  rows 44656
  t+ 222s  agg queue     0 tasks 6  det queue     0 tasks 6  rows 44673
  t+ 234s  agg queue     0 tasks 6  det queue     0 tasks 6  rows 44676
  t+ 246s  agg queue     0 tasks 6  det queue     0 tasks 6  rows 44723
  t+ 258s  agg queue     0 tasks 6  det queue     0 tasks 6  rows 44736
  t+ 271s  agg queue     0 tasks 6  det queue     0 tasks 6  rows 44739
  t+ 283s  agg queue     0 tasks 6  det queue     0 tasks 6  rows 44756
  t+ 295s  agg queue     0 tasks 6  det queue     0 tasks 6  rows 44764
  t+ 308s  agg queue     0 tasks 6  det queue     0 tasks 6  rows 44815
  t+ 320s  agg queue     0 tasks 6  det queue     0 tasks 6  rows 44819
  t+ 332s  agg queue     0 tasks 6  det queue     0 tasks 6  rows 44824
  t+ 344s  agg queue     0 tasks 6  det queue     0 tasks 6  rows 44841
  t+ 357s  agg queue     0 tasks 6  det queue     0 tasks 6  rows 44856
  t+ 369s  agg queue     0 tasks 6  det queue     0 tasks 6  rows 44900
  t+ 381s  agg queue     0 tasks 6  det queue     0 tasks 6  rows 44917
  t+ 394s  agg queue     0 tasks 6  det queue     0 tasks 6  rows 44924
  t+ 406s  agg queue     0 tasks 6  det queue     0 tasks 6  rows 44934
  t+ 418s  agg queue     0 tasks 6  det queue     0 tasks 6  rows 44953
  t+ 431s  agg queue     0 tasks 5  det queue     0 tasks 6  rows 44994
  t+ 443s  agg queue     0 tasks 5  det queue     0 tasks 5  rows 45002
  t+ 455s  agg queue     0 tasks 5  det queue     0 tasks 5  rows 45009
  t+ 467s  agg queue     0 tasks 5  det queue     0 tasks 5  rows 45020
  t+ 480s  agg queue     0 tasks 5  det queue     0 tasks 5  rows 45039
  t+ 492s  agg queue     0 tasks 5  det queue     0 tasks 5  rows 45083
  t+ 504s  agg queue     0 tasks 5  det queue     0 tasks 5  rows 45090
  t+ 516s  agg queue     0 tasks 5  det queue     0 tasks 5  rows 45104
  t+ 529s  agg queue     0 tasks 5  det queue     0 tasks 5  rows 45108
  t+ 541s  agg queue     0 tasks 5  det queue     0 tasks 5  rows 45128
  t+ 553s  agg queue     0 tasks 4  det queue     0 tasks 4  rows 45173
  t+ 565s  agg queue     0 tasks 4  det queue     0 tasks 4  rows 45181
  t+ 578s  agg queue     0 tasks 4  det queue     0 tasks 4  rows 45207
  t+ 590s  agg queue     0 tasks 4  det queue     0 tasks 4  rows 45211
sampling finished, evidence/baseline/baseline/samples.csv
