sampling every 10s for 510s into evidence/dual-prediction-pinned/scale-deadband-m2500/samples.csv
  t+   0s  agg queue     0 tasks 6  det queue     0 tasks 1  rows 0
  t+  10s  agg queue     0 tasks 6  det queue     0 tasks 1  rows 0
  t+  20s  agg queue     0 tasks 6  det queue     0 tasks 1  rows 0
  t+  30s  agg queue     0 tasks 6  det queue     0 tasks 1  rows 0
  t+  40s  agg queue     0 tasks 6  det queue     0 tasks 1  rows 0
  t+  50s  agg queue     0 tasks 6  det queue     0 tasks 1  rows 0
  t+  60s  agg queue     0 tasks 6  det queue     0 tasks 1  rows 0
  t+  70s  agg queue     0 tasks 6  det queue     0 tasks 1  rows 0
  t+  80s  agg queue     0 tasks 6  det queue     0 tasks 1  rows 0
  t+  90s  agg queue   238 tasks 6  det queue     0 tasks 1  rows 0
  t+ 100s  agg queue   112 tasks 6  det queue  1712 tasks 1  rows 0
  t+ 110s  agg queue   238 tasks 6  det queue  3113 tasks 1  rows 0
  t+ 120s  agg queue     0 tasks 6  det queue  2495 tasks 1  rows 0
  t+ 130s  agg queue   418 tasks 6  det queue  3113 tasks 1  rows 0
  t+ 140s  agg queue    73 tasks 6  det queue  3341 tasks 1  rows 0
  t+ 150s  agg queue   418 tasks 6  det queue  2948 tasks 1  rows 0
  t+ 160s  agg queue    73 tasks 6  det queue  3314 tasks 1  rows 0
  t+ 170s  agg queue   152 tasks 6  det queue  2835 tasks 1  rows 0
  t+ 180s  agg queue   123 tasks 6  det queue  3700 tasks 1  rows 0
  t+ 190s  agg queue   259 tasks 6  det queue  2025 tasks 1  rows 0
  t+ 200s  agg queue   265 tasks 6  det queue  3389 tasks 1  rows 0
  t+ 210s  agg queue   188 tasks 6  det queue  3298 tasks 1  rows 0
  t+ 220s  agg queue     0 tasks 6  det queue  3300 tasks 1  rows 0
  t+ 230s  agg queue   259 tasks 6  det queue  3236 tasks 1  rows 0
  t+ 240s  agg queue   265 tasks 6  det queue  3300 tasks 1  rows 0
  t+ 250s  agg queue     0 tasks 6  det queue  1995 tasks 1  rows 0
  t+ 260s  agg queue   112 tasks 5  det queue  2490 tasks 1  rows 0
  t+ 270s  agg queue   158 tasks 5  det queue  2710 tasks 1  rows 0
  t+ 280s  agg queue    72 tasks 5  det queue  4009 tasks 1  rows 0
  t+ 290s  agg queue     0 tasks 5  det queue  4781 tasks 1  rows 0
  t+ 300s  agg queue    72 tasks 5  det queue  3922 tasks 1  rows 0
  t+ 310s  agg queue   434 tasks 5  det queue  5843 tasks 1  rows 0
  t+ 320s  agg queue   202 tasks 5  det queue  2829 tasks 1  rows 0
  t+ 330s  agg queue   208 tasks 5  det queue  3389 tasks 1  rows 0
  t+ 340s  agg queue   120 tasks 5  det queue  3922 tasks 1  rows 0
  t+ 350s  agg queue     0 tasks 5  det queue  2669 tasks 1  rows 0
  t+ 360s  agg queue     0 tasks 5  det queue  2289 tasks 1  rows 0
  t+ 370s  agg queue   202 tasks 5  det queue     0 tasks 1  rows 0
  t+ 380s  agg queue     0 tasks 4  det queue     0 tasks 1  rows 0
  t+ 390s  agg queue     0 tasks 4  det queue     0 tasks 1  rows 0
  t+ 400s  agg queue     0 tasks 4  det queue   293 tasks 1  rows 0
  t+ 410s  agg queue     0 tasks 4  det queue     0 tasks 1  rows 0
  t+ 420s  agg queue     0 tasks 4  det queue     0 tasks 1  rows 0
  t+ 430s  agg queue     0 tasks 4  det queue     0 tasks 1  rows 0
  t+ 440s  agg queue     0 tasks 4  det queue     0 tasks 1  rows 0
  t+ 450s  agg queue     0 tasks 4  det queue     0 tasks 1  rows 0
  t+ 460s  agg queue     0 tasks 4  det queue     0 tasks 1  rows 0
  t+ 470s  agg queue     0 tasks 4  det queue     0 tasks 1  rows 0
  t+ 480s  agg queue     0 tasks 4  det queue     0 tasks 1  rows 0
  t+ 490s  agg queue     0 tasks 4  det queue     0 tasks 1  rows 0
  t+ 500s  agg queue     0 tasks 3  det queue     0 tasks 1  rows 0
sampling finished, evidence/dual-prediction-pinned/scale-deadband-m2500/samples.csv
