sampling every 10s for 900s into evidence/baseline/overload/samples.csv
  t+   0s  agg queue   622 tasks 1  det queue  1313 tasks 1  rows 34446
  t+  12s  agg queue  2332 tasks 1  det queue  3444 tasks 1  rows 34571
  t+  24s  agg queue  4186 tasks 1  det queue  1313 tasks 1  rows 34766
  t+  36s  agg queue  5946 tasks 1  det queue  5074 tasks 1  rows 34785
  t+  47s  agg queue  7376 tasks 1  det queue  4252 tasks 1  rows 34971
  t+  59s  agg queue  5946 tasks 1  det queue  8924 tasks 1  rows 35128
  t+  71s  agg queue 11116 tasks 1  det queue 11724 tasks 1  rows 35175
  t+  83s  agg queue  7083 tasks 1  det queue  8424 tasks 1  rows 35371
  t+  96s  agg queue 14686 tasks 1  det queue  6570 tasks 1  rows 35541
  t+ 107s  agg queue 16414 tasks 1  det queue 16401 tasks 1  rows 35571
  t+ 119s  agg queue 15536 tasks 1  det queue 13372 tasks 1  rows 35771
  t+ 131s  agg queue 19814 tasks 1  det queue 18024 tasks 1  rows 35811
  t+ 143s  agg queue 18086 tasks 1  det queue 20234 tasks 1  rows 35971
  t+ 155s  agg queue 20716 tasks 1  det queue 19601 tasks 1  rows 36155
  t+ 167s  agg queue 16414 tasks 1  det queue 24214 tasks 1  rows 36172
  t+ 179s  agg queue 26746 tasks 1  det queue 24464 tasks 1  rows 36371
  t+ 191s  agg queue 28316 tasks 1  det queue 25742 tasks 1  rows 36552
  t+ 203s  agg queue 28316 tasks 1  det queue 22674 tasks 1  rows 36636
  t+ 215s  agg queue 26746 tasks 1  det queue 30514 tasks 1  rows 36771
  t+ 228s  agg queue 31866 tasks 1  det queue 29064 tasks 1  rows 36967
  t+ 240s  agg queue 35306 tasks 1  det queue 29708 tasks 1  rows 37064
  t+ 252s  agg queue 36986 tasks 1  det queue 32114 tasks 1  rows 37171
  t+ 264s  agg queue 33625 tasks 1  det queue 35328 tasks 1  rows 37353
  t+ 276s  agg queue 38716 tasks 1  det queue 35754 tasks 1  rows 37372
  t+ 288s  agg queue 36986 tasks 1  det queue 39920 tasks 1  rows 37569
  t+ 300s  agg queue 40366 tasks 6  det queue 41374 tasks 1  rows 37750
  t+ 312s  agg queue 43866 tasks 6  det queue 38474 tasks 1  rows 38178
  t+ 325s  agg queue 41086 tasks 6  det queue 44834 tasks 4  rows 38771
  t+ 337s  agg queue 43866 tasks 6  det queue 45293 tasks 6  rows 39519
  t+ 350s  agg queue 28526 tasks 6  det queue 38224 tasks 6  rows 40149
  t+ 363s  agg queue 23716 tasks 6  det queue 30842 tasks 6  rows 40888
  t+ 375s  agg queue 18026 tasks 6  det queue 23444 tasks 6  rows 41540
  t+ 388s  agg queue 10836 tasks 6  det queue 30842 tasks 6  rows 42304
  t+ 402s  agg queue  3988 tasks 6  det queue  9134 tasks 6  rows 42571
  t+ 414s  agg queue  3988 tasks 6  det queue   390 tasks 6  rows 42870
  t+ 426s  agg queue  4356 tasks 6  det queue  9134 tasks 6  rows 43171
  t+ 439s  agg queue     0 tasks 6  det queue     0 tasks 6  rows 43371
  t+ 451s  agg queue     0 tasks 6  det queue   390 tasks 6  rows 43571
  t+ 463s  agg queue     0 tasks 6  det queue     5 tasks 6  rows 43788
  t+ 475s  agg queue     0 tasks 6  det queue     0 tasks 6  rows 43971
  t+ 489s  agg queue     0 tasks 6  det queue     0 tasks 6  rows 43971
  t+ 501s  agg queue     0 tasks 6  det queue     0 tasks 6  rows 43971
  t+ 514s  agg queue     0 tasks 6  det queue     0 tasks 6  rows 43971
  t+ 526s  agg queue     0 tasks 6  det queue     0 tasks 6  rows 43971
  t+ 538s  agg queue     0 tasks 6  det queue     0 tasks 6  rows 43971
  t+ 550s  agg queue     0 tasks 6  det queue     0 tasks 6  rows 43971
  t+ 563s  agg queue     0 tasks 6  det queue     0 tasks 6  rows 43971
  t+ 575s  agg queue     0 tasks 6  det queue     0 tasks 6  rows 43971
  t+ 588s  agg queue     0 tasks 6  det queue     0 tasks 6  rows 43971
  t+ 600s  agg queue     0 tasks 6  det queue     0 tasks 6  rows 43971
  t+ 612s  agg queue     0 tasks 6  det queue     0 tasks 6  rows 43971
  t+ 625s  agg queue     0 tasks 6  det queue     0 tasks 6  rows 43971
  t+ 637s  agg queue     0 tasks 6  det queue     0 tasks 6  rows 43971
  t+ 649s  agg queue     0 tasks 6  det queue     0 tasks 6  rows 43971
  t+ 662s  agg queue     0 tasks 6  det queue     0 tasks 6  rows 43971
  t+ 674s  agg queue     0 tasks 6  det queue     0 tasks 6  rows 43971
  t+ 686s  agg queue     0 tasks 6  det queue     0 tasks 6  rows 43971
  t+ 699s  agg queue     0 tasks 6  det queue     0 tasks 6  rows 43971
  t+ 712s  agg queue     0 tasks 6  det queue     0 tasks 6  rows 43971
  t+ 725s  agg queue     0 tasks 6  det queue     0 tasks 6  rows 43971
  t+ 737s  agg queue     0 tasks 6  det queue     0 tasks 6  rows 43971
  t+ 749s  agg queue     0 tasks 6  det queue     0 tasks 6  rows 43971
  t+ 762s  agg queue     0 tasks 6  det queue     0 tasks 6  rows 43971
  t+ 774s  agg queue     0 tasks 6  det queue     0 tasks 6  rows 43971
  t+ 786s  agg queue     0 tasks 6  det queue     0 tasks 6  rows 43971
  t+ 798s  agg queue     0 tasks 6  det queue     0 tasks 6  rows 43971
  t+ 811s  agg queue     0 tasks 6  det queue     0 tasks 6  rows 43971
  t+ 823s  agg queue     0 tasks 6  det queue     0 tasks 6  rows 43971
  t+ 835s  agg queue     0 tasks 6  det queue     0 tasks 6  rows 43971
  t+ 848s  agg queue     0 tasks 6  det queue     0 tasks 6  rows 43971
  t+ 860s  agg queue     0 tasks 6  det queue     0 tasks 6  rows 43971
  t+ 872s  agg queue     0 tasks 6  det queue     0 tasks 6  rows 43971
  t+ 885s  agg queue     0 tasks 6  det queue     0 tasks 6  rows 43971
  t+ 897s  agg queue     0 tasks 6  det queue     0 tasks 6  rows 43971
sampling finished, evidence/baseline/overload/samples.csv
