sampling every 10s for 870s into evidence/deadband-hb60/scale/samples.csv
  t+   0s  agg queue     0 tasks 1  det queue     0 tasks 1  rows 0
  t+  10s  agg queue     0 tasks 1  det queue     0 tasks 1  rows 0
  t+  20s  agg queue     0 tasks 1  det queue     0 tasks 1  rows 0
  t+  30s  agg queue     0 tasks 1  det queue     0 tasks 1  rows 0
  t+  40s  agg queue     0 tasks 1  det queue     0 tasks 1  rows 0
  t+  50s  agg queue     0 tasks 1  det queue     0 tasks 1  rows 0
  t+  60s  agg queue     0 tasks 1  det queue     0 tasks 1  rows 0
  t+  70s  agg queue     0 tasks 1  det queue     0 tasks 1  rows 0
  t+  80s  agg queue     0 tasks 1  det queue     0 tasks 1  rows 0
  t+  90s  agg queue     0 tasks 1  det queue     0 tasks 1  rows 0
  t+ 100s  agg queue  3300 tasks 1  det queue     0 tasks 1  rows 0
  t+ 110s  agg queue   188 tasks 1  det queue  4387 tasks 1  rows 0
  t+ 120s  agg queue     0 tasks 1  det queue 16198 tasks 1  rows 0
  t+ 130s  agg queue  3956 tasks 1  det queue  4057 tasks 1  rows 0
  t+ 140s  agg queue 16554 tasks 1  det queue 16198 tasks 1  rows 0
  t+ 150s  agg queue 16633 tasks 1  det queue 19394 tasks 1  rows 0
  t+ 160s  agg queue 17970 tasks 1  det queue 21965 tasks 1  rows 0
  t+ 170s  agg queue 18534 tasks 1  det queue 22245 tasks 1  rows 0
  t+ 180s  agg queue 16554 tasks 1  det queue 33357 tasks 1  rows 0
  t+ 190s  agg queue 22708 tasks 1  det queue 39060 tasks 1  rows 0
  t+ 200s  agg queue 30300 tasks 1  det queue 36133 tasks 1  rows 0
  t+ 210s  agg queue 28515 tasks 1  det queue 39060 tasks 1  rows 0
  t+ 220s  agg queue 30047 tasks 1  det queue 29593 tasks 1  rows 0
  t+ 230s  agg queue 34496 tasks 1  det queue 40312 tasks 1  rows 0
  t+ 240s  agg queue 35690 tasks 1  det queue 47839 tasks 1  rows 0
  t+ 250s  agg queue 35690 tasks 1  det queue 44855 tasks 1  rows 0
  t+ 260s  agg queue 34179 tasks 1  det queue 47839 tasks 1  rows 0
  t+ 270s  agg queue 42947 tasks 1  det queue 59043 tasks 1  rows 0
  t+ 280s  agg queue 43741 tasks 1  det queue 58243 tasks 1  rows 0
  t+ 290s  agg queue 47999 tasks 1  det queue 64910 tasks 1  rows 0
  t+ 300s  agg queue 42947 tasks 1  det queue 58461 tasks 1  rows 0
  t+ 310s  agg queue 42699 tasks 1  det queue 67124 tasks 1  rows 0
  t+ 320s  agg queue 41464 tasks 1  det queue 58243 tasks 1  rows 0
  t+ 331s  agg queue 58574 tasks 1  det queue 79756 tasks 1  rows 0
  t+ 341s  agg queue 58574 tasks 1  det queue 67124 tasks 1  rows 0
  t+ 352s  agg queue 64186 tasks 1  det queue 79596 tasks 1  rows 0
  t+ 362s  agg queue 63000 tasks 1  det queue 73159 tasks 1  rows 0
  t+ 374s  agg queue 56023 tasks 1  det queue 89526 tasks 1  rows 0
  t+ 384s  agg queue 62777 tasks 1  det queue 87518 tasks 1  rows 0
  t+ 395s  agg queue 71523 tasks 5  det queue 99903 tasks 5  rows 0
  t+ 405s  agg queue 62777 tasks 6  det queue 89526 tasks 5  rows 0
  t+ 415s  agg queue 71523 tasks 6  det queue 103130 tasks 5  rows 0
  t+ 425s  agg queue 63916 tasks 6  det queue 90094 tasks 5  rows 0
  t+ 435s  agg queue 71936 tasks 6  det queue 101088 tasks 5  rows 0
  t+ 445s  agg queue 51847 tasks 6  det queue 103734 tasks 5  rows 0
  t+ 455s  agg queue 53649 tasks 6  det queue 105306 tasks 5  rows 0
  t+ 465s  agg queue 51847 tasks 6  det queue 99907 tasks 5  rows 0
  t+ 475s  agg queue 44631 tasks 6  det queue 105306 tasks 5  rows 0
  t+ 485s  agg queue 53649 tasks 6  det queue 104642 tasks 5  rows 0
  t+ 495s  agg queue 31774 tasks 6  det queue 101775 tasks 6  rows 0
  t+ 505s  agg queue 28264 tasks 6  det queue 99653 tasks 6  rows 0
  t+ 515s  agg queue 25519 tasks 6  det queue 104642 tasks 6  rows 0
  t+ 525s  agg queue 25720 tasks 6  det queue 106294 tasks 6  rows 0
  t+ 535s  agg queue 38278 tasks 6  det queue 99653 tasks 6  rows 0
  t+ 545s  agg queue 19229 tasks 6  det queue 106675 tasks 6  rows 0
  t+ 555s  agg queue 10805 tasks 6  det queue 105399 tasks 6  rows 0
  t+ 565s  agg queue 16928 tasks 6  det queue 94257 tasks 6  rows 0
  t+ 576s  agg queue  4552 tasks 6  det queue 94257 tasks 6  rows 0
  t+ 586s  agg queue  4552 tasks 6  det queue 96797 tasks 6  rows 0
  t+ 597s  agg queue  1810 tasks 6  det queue 90490 tasks 6  rows 0
  t+ 607s  agg queue     0 tasks 6  det queue 83534 tasks 6  rows 0
  t+ 618s  agg queue     0 tasks 6  det queue 81283 tasks 6  rows 0
  t+ 628s  agg queue     0 tasks 6  det queue 83534 tasks 6  rows 0
  t+ 639s  agg queue  1810 tasks 6  det queue 81283 tasks 6  rows 0
  t+ 649s  agg queue  1921 tasks 6  det queue 83612 tasks 6  rows 0
  t+ 659s  agg queue     0 tasks 6  det queue 81984 tasks 6  rows 0
  t+ 669s  agg queue     0 tasks 6  det queue 78420 tasks 6  rows 0
  t+ 680s  agg queue  1921 tasks 6  det queue 81984 tasks 6  rows 0
  t+ 690s  agg queue     0 tasks 6  det queue 73893 tasks 6  rows 0
  t+ 701s  agg queue   662 tasks 6  det queue 78342 tasks 6  rows 0
  t+ 711s  agg queue     0 tasks 6  det queue 78742 tasks 6  rows 0
  t+ 722s  agg queue     0 tasks 6  det queue 73893 tasks 6  rows 0
  t+ 732s  agg queue     0 tasks 6  det queue 60767 tasks 6  rows 0
  t+ 742s  agg queue     0 tasks 6  det queue 51433 tasks 6  rows 0
  t+ 752s  agg queue     0 tasks 6  det queue 51433 tasks 6  rows 0
  t+ 763s  agg queue     0 tasks 6  det queue 56033 tasks 6  rows 0
  t+ 773s  agg queue     0 tasks 6  det queue 33673 tasks 6  rows 0
  t+ 784s  agg queue     0 tasks 6  det queue 26433 tasks 6  rows 0
  t+ 794s  agg queue     0 tasks 6  det queue 27793 tasks 6  rows 0
  t+ 804s  agg queue     0 tasks 6  det queue 26433 tasks 6  rows 0
  t+ 815s  agg queue     0 tasks 6  det queue 19383 tasks 6  rows 0
  t+ 825s  agg queue     0 tasks 6  det queue     0 tasks 6  rows 0
  t+ 836s  agg queue     0 tasks 6  det queue     0 tasks 6  rows 0
  t+ 847s  agg queue     0 tasks 6  det queue     0 tasks 6  rows 0
  t+ 858s  agg queue     0 tasks 6  det queue     0 tasks 6  rows 0
  t+ 870s  agg queue     0 tasks 6  det queue     0 tasks 6  rows 0
sampling finished, evidence/deadband-hb60/scale/samples.csv
