sampling every 10s for 510s into evidence/dual-prediction-pinned/scale-b0.5-m2000/samples.csv
  t+   0s  agg queue     0 tasks 6  det queue     0 tasks 1  rows 0
  t+  10s  agg queue     0 tasks 6  det queue     0 tasks 1  rows 0
  t+  21s  agg queue     0 tasks 6  det queue     0 tasks 1  rows 0
  t+  31s  agg queue     0 tasks 6  det queue     0 tasks 1  rows 0
  t+  41s  agg queue     0 tasks 6  det queue     0 tasks 1  rows 0
  t+  51s  agg queue     0 tasks 6  det queue     0 tasks 1  rows 0
  t+  61s  agg queue     0 tasks 6  det queue     0 tasks 1  rows 0
  t+  71s  agg queue     0 tasks 6  det queue     0 tasks 1  rows 0
  t+  81s  agg queue     0 tasks 6  det queue     0 tasks 1  rows 0
  t+  91s  agg queue     0 tasks 6  det queue     0 tasks 1  rows 0
  t+ 101s  agg queue     0 tasks 6  det queue   630 tasks 1  rows 0
  t+ 111s  agg queue     0 tasks 6  det queue     0 tasks 1  rows 0
  t+ 121s  agg queue     0 tasks 6  det queue  1139 tasks 1  rows 0
  t+ 131s  agg queue     0 tasks 6  det queue   769 tasks 1  rows 0
  t+ 141s  agg queue     0 tasks 6  det queue     0 tasks 1  rows 0
  t+ 151s  agg queue     0 tasks 6  det queue   662 tasks 1  rows 0
  t+ 161s  agg queue     0 tasks 6  det queue     0 tasks 1  rows 0
  t+ 171s  agg queue     0 tasks 6  det queue     0 tasks 1  rows 0
  t+ 181s  agg queue     0 tasks 6  det queue   313 tasks 1  rows 0
  t+ 191s  agg queue     0 tasks 6  det queue     0 tasks 1  rows 0
  t+ 201s  agg queue     0 tasks 6  det queue     0 tasks 1  rows 0
  t+ 211s  agg queue     0 tasks 6  det queue     0 tasks 1  rows 0
  t+ 221s  agg queue     0 tasks 6  det queue     0 tasks 1  rows 0
  t+ 231s  agg queue     0 tasks 6  det queue     0 tasks 1  rows 0
  t+ 241s  agg queue     0 tasks 6  det queue     0 tasks 1  rows 0
  t+ 251s  agg queue     0 tasks 6  det queue     0 tasks 1  rows 0
  t+ 261s  agg queue     0 tasks 6  det queue     0 tasks 1  rows 0
  t+ 271s  agg queue     0 tasks 6  det queue     0 tasks 1  rows 0
  t+ 281s  agg queue     0 tasks 6  det queue     0 tasks 1  rows 0
  t+ 291s  agg queue     0 tasks 6  det queue   163 tasks 1  rows 0
  t+ 301s  agg queue     0 tasks 6  det queue     0 tasks 1  rows 0
  t+ 311s  agg queue     0 tasks 6  det queue   943 tasks 1  rows 0
  t+ 321s  agg queue     0 tasks 6  det queue     0 tasks 1  rows 0
  t+ 331s  agg queue     0 tasks 6  det queue     0 tasks 1  rows 0
  t+ 341s  agg queue     0 tasks 6  det queue     0 tasks 1  rows 0
  t+ 352s  agg queue     0 tasks 6  det queue     0 tasks 1  rows 0
  t+ 362s  agg queue     0 tasks 6  det queue     0 tasks 1  rows 0
  t+ 372s  agg queue     0 tasks 6  det queue     0 tasks 1  rows 0
  t+ 382s  agg queue     0 tasks 6  det queue     0 tasks 1  rows 0
  t+ 392s  agg queue     0 tasks 6  det queue     0 tasks 1  rows 0
  t+ 402s  agg queue     0 tasks 6  det queue     0 tasks 1  rows 0
  t+ 412s  agg queue     0 tasks 6  det queue     0 tasks 1  rows 0
  t+ 422s  agg queue     0 tasks 6  det queue     0 tasks 1  rows 0
  t+ 432s  agg queue     0 tasks 6  det queue     0 tasks 1  rows 0
  t+ 442s  agg queue     0 tasks 6  det queue     0 tasks 1  rows 0
  t+ 452s  agg queue     0 tasks 6  det queue     0 tasks 1  rows 0
  t+ 462s  agg queue     0 tasks 6  det queue     0 tasks 1  rows 0
  t+ 472s  agg queue     0 tasks 5  det queue     0 tasks 1  rows 0
  t+ 482s  agg queue     0 tasks 5  det queue     0 tasks 1  rows 0
  t+ 492s  agg queue     0 tasks 5  det queue     0 tasks 1  rows 0
  t+ 502s  agg queue     0 tasks 5  det queue     0 tasks 1  rows 0
sampling finished, evidence/dual-prediction-pinned/scale-b0.5-m2000/samples.csv
